Using pre-set license
Built from '6000.1/staging' branch; Version is '6000.1.10f1 (3c681a6c22ff) revision 3958810'; Using compiler version '194234433'; Build Type 'Release'
OS: 'Windows 11  (10.0.26200) 64bit Core' Language: 'es' Physical Memory: 16233 MB
BatchMode: 1, IsHumanControllingUs: 0, StartBugReporterOnCrash: 0, Is64bit: 1, IsPro: 1
Date: 2026-08-16T21:50:17Z

COMMAND LINE ARGUMENTS:
C:\Program Files\Unity\Hub\Editor\6000.1.10f1\Editor\Unity.exe
-adb2
-batchMode
-noUpm
-name
AssetImportWorker4
-projectPath
C:/Users/JaumeJH/O_MEC
-logFile
Logs/AssetImportWorker4.log
-srvPort
56401
-job-worker-count
5
-background-job-worker-count
8
-gc-helper-count
1
-name
AssetImport
Successfully changed project path to: C:/Users/JaumeJH/O_MEC
C:/Users/JaumeJH/O_MEC
[UnityMemory] Configuration Parameters - Can be set up in boot.config
    "memorysetup-allocator-temp-initial-block-size-main=262144"
    "memorysetup-allocator-temp-initial-block-size-worker=262144"
    "memorysetup-bucket-allocator-granularity=16"
    "memorysetup-bucket-allocator-bucket-count=8"
    "memorysetup-bucket-allocator-block-size=33554432"
    "memorysetup-bucket-allocator-block-count=8"
    "memorysetup-main-allocator-block-size=16777216"
    "memorysetup-thread-allocator-block-size=16777216"
    "memorysetup-gfx-main-allocator-block-size=16777216"
    "memorysetup-gfx-thread-allocator-block-size=16777216"
    "memorysetup-cache-allocator-block-size=4194304"
    "memorysetup-typetree-allocator-block-size=2097152"
    "memorysetup-profiler-bucket-allocator-granularity=16"
    "memorysetup-profiler-bucket-allocator-bucket-count=8"
    "memorysetup-profiler-bucket-allocator-block-size=33554432"
    "memorysetup-profiler-bucket-allocator-block-count=8"
    "memorysetup-profiler-allocator-block-size=16777216"
    "memorysetup-profiler-editor-allocator-block-size=1048576"
    "memorysetup-temp-allocator-size-main=16777216"
    "memorysetup-job-temp-allocator-block-size=2097152"
    "memorysetup-job-temp-allocator-block-size-background=1048576"
    "memorysetup-job-temp-allocator-reduction-small-platforms=262144"
    "memorysetup-temp-allocator-size-background-worker=32768"
    "memorysetup-temp-allocator-size-job-worker=262144"
    "memorysetup-temp-allocator-size-preload-manager=33554432"
    "memorysetup-temp-allocator-size-nav-mesh-worker=65536"
    "memorysetup-temp-allocator-size-audio-worker=65536"
    "memorysetup-temp-allocator-size-cloud-worker=32768"
    "memorysetup-temp-allocator-size-gi-baking-worker=262144"
    "memorysetup-temp-allocator-size-gi-baking-worker=262144"
    "memorysetup-temp-allocator-size-gi-baking-worker=262144"
    "memorysetup-temp-allocator-size-gi-baking-worker=262144"
    "memorysetup-temp-allocator-size-gi-baking-worker=262144"
    "memorysetup-temp-allocator-size-gfx=262144"
Player connection [45404]  Target information:

Player connection [45404]  * "[IP] 26.199.87.91 [Port] 0 [Flags] 2 [Guid] 3976793957 [EditorId] 3976793957 [Version] 1048832 [Id] WindowsEditor(7,Zephyrus-JH) [Debug] 1 [PackageName] WindowsEditor [ProjectName] Editor" 

Player connection [45404]  * "[IP] 192.168.131.1 [Port] 0 [Flags] 2 [Guid] 3976793957 [EditorId] 3976793957 [Version] 1048832 [Id] WindowsEditor(7,Zephyrus-JH) [Debug] 1 [PackageName] WindowsEditor [ProjectName] Editor" 

Player connection [45404]  * "[IP] 192.168.47.1 [Port] 0 [Flags] 2 [Guid] 3976793957 [EditorId] 3976793957 [Version] 1048832 [Id] WindowsEditor(7,Zephyrus-JH) [Debug] 1 [PackageName] WindowsEditor [ProjectName] Editor" 

Player connection [45404]  * "[IP] 192.168.18.7 [Port] 0 [Flags] 2 [Guid] 3976793957 [EditorId] 3976793957 [Version] 1048832 [Id] WindowsEditor(7,Zephyrus-JH) [Debug] 1 [PackageName] WindowsEditor [ProjectName] Editor" 

Player connection [45404] Host joined multi-casting on [225.0.0.222:54997]...
Player connection [45404] Host joined alternative multi-casting on [225.0.0.222:34997]...
JobSystem: Creating JobQueue using job-worker-count value 5
Input System module state changed to: Initialized.
[Physics::Module] Initialized fallback backend.
[Physics::Module] Id: 0xdecafbad
Library Redirect Path: Library/
[Physics::Module] Selected backend.
[Physics::Module] Name: PhysX
[Physics::Module] Id: 0xf2b8ea05
[Physics::Module] SDK Version: 4.1.2
[Physics::Module] Integration Version: 1.0.0
[Physics::Module] Threading Mode: Multi-Threaded
Refreshing native plugins compatible for Editor in 5.62 ms, found 3 plugins.
Preloading 0 native plugins for Editor in 0.00 ms.
Initialize engine version: 6000.1.10f1 (3c681a6c22ff)
[Subsystems] Discovering subsystems at path C:/Program Files/Unity/Hub/Editor/6000.1.10f1/Editor/Data/Resources/UnitySubsystems
[Subsystems] Discovering subsystems at path C:/Users/JaumeJH/O_MEC/Assets
GfxDevice: creating device client; kGfxThreadingModeNonThreaded
Direct3D:
    Version:         Direct3D 12 [level 12.1]
    Renderer:        NVIDIA GeForce RTX 2070 (ID=0x1f50)
    Vendor:          NVIDIA
    VRAM:            8006 MB
    App VRAM Budget: 7238 MB
    Driver:          32.0.15.9621
Initialize mono
Mono path[0] = 'C:/Program Files/Unity/Hub/Editor/6000.1.10f1/Editor/Data/Managed'
Mono path[1] = 'C:/Program Files/Unity/Hub/Editor/6000.1.10f1/Editor/Data/MonoBleedingEdge/lib/mono/unityjit-win32'
Mono config path = 'C:/Program Files/Unity/Hub/Editor/6000.1.10f1/Editor/Data/MonoBleedingEdge/etc'
Using monoOptions --debugger-agent=transport=dt_socket,embedding=1,server=y,suspend=n,address=127.0.0.1:56172
Begin MonoManager ReloadAssembly
Registering precompiled unity dll's ...
Register platform support module: C:/Program Files/Unity/Hub/Editor/6000.1.10f1/Editor/Data/PlaybackEngines/WebGLSupport/UnityEditor.WebGL.Extensions.dll
Register platform support module: C:/Program Files/Unity/Hub/Editor/6000.1.10f1/Editor/Data/PlaybackEngines/WindowsStandaloneSupport/UnityEditor.WindowsStandalone.Extensions.dll
Register platform support module: C:/Program Files/Unity/Hub/Editor/6000.1.10f1/Editor/Data/PlaybackEngines/AndroidPlayer/UnityEditor.Android.Extensions.dll
Registered in 0.016253 seconds.
- Loaded All Assemblies, in  0.912 seconds
Native extension for Android target not found
Android Extension - Scanning For ADB Devices 372 ms
Native extension for WindowsStandalone target not found
Native extension for WebGL target not found
Mono: successfully reloaded assembly
- Finished resetting the current domain, in  0.870 seconds
Domain Reload Profiling: 1770ms
	BeginReloadAssembly (336ms)
		ExecutionOrderSort (0ms)
		DisableScriptedObjects (0ms)
		BackupInstance (0ms)
		ReleaseScriptingObjects (0ms)
		CreateAndSetChildDomain (3ms)
	RebuildCommonClasses (118ms)
	RebuildNativeTypeToScriptingClass (34ms)
	initialDomainReloadingComplete (149ms)
	LoadAllAssembliesAndSetupDomain (263ms)
		LoadAssemblies (327ms)
		RebuildTransferFunctionScriptingTraits (0ms)
		AnalyzeDomain (255ms)
			TypeCache.Refresh (253ms)
				TypeCache.ScanAssembly (232ms)
			BuildScriptInfoCaches (0ms)
			ResolveRequiredComponents (1ms)
	FinalizeReload (870ms)
		ReleaseScriptCaches (0ms)
		RebuildScriptCaches (0ms)
		SetupLoadedEditorAssemblies (814ms)
			LogAssemblyErrors (0ms)
			InitializePlatformSupportModulesInManaged (505ms)
			SetLoadedEditorAssemblies (4ms)
			BeforeProcessingInitializeOnLoad (76ms)
			ProcessInitializeOnLoadAttributes (152ms)
			ProcessInitializeOnLoadMethodAttributes (76ms)
			AfterProcessingInitializeOnLoad (0ms)
			EditorAssembliesLoaded (0ms)
		ExecutionOrderSort2 (0ms)
		AwakeInstancesAfterBackupRestoration (0ms)
========================================================================
Worker process is ready to serve import requests
Import Worker Mode flag is 0x00
Begin MonoManager ReloadAssembly
Launched and connected shader compiler UnityShaderCompiler.exe after 0.02 seconds
- Loaded All Assemblies, in  1.581 seconds
Refreshing native plugins compatible for Editor in 1.60 ms, found 3 plugins.
Native extension for Android target not found
Native extension for WindowsStandalone target not found
Native extension for WebGL target not found
Mono: successfully reloaded assembly
- Finished resetting the current domain, in  1.126 seconds
Domain Reload Profiling: 2695ms
	BeginReloadAssembly (703ms)
		ExecutionOrderSort (0ms)
		DisableScriptedObjects (407ms)
		BackupInstance (0ms)
		ReleaseScriptingObjects (0ms)
		CreateAndSetChildDomain (38ms)
	RebuildCommonClasses (50ms)
	RebuildNativeTypeToScriptingClass (16ms)
	initialDomainReloadingComplete (63ms)
	LoadAllAssembliesAndSetupDomain (737ms)
		LoadAssemblies (540ms)
		RebuildTransferFunctionScriptingTraits (0ms)
		AnalyzeDomain (335ms)
			TypeCache.Refresh (261ms)
				TypeCache.ScanAssembly (239ms)
			BuildScriptInfoCaches (57ms)
			ResolveRequiredComponents (13ms)
	FinalizeReload (1126ms)
		ReleaseScriptCaches (0ms)
		RebuildScriptCaches (0ms)
		SetupLoadedEditorAssemblies (811ms)
			LogAssemblyErrors (0ms)
			InitializePlatformSupportModulesInManaged (15ms)
			SetLoadedEditorAssemblies (6ms)
			BeforeProcessingInitializeOnLoad (169ms)
			ProcessInitializeOnLoadAttributes (538ms)
			ProcessInitializeOnLoadMethodAttributes (75ms)
			AfterProcessingInitializeOnLoad (9ms)
			EditorAssembliesLoaded (0ms)
		ExecutionOrderSort2 (0ms)
		AwakeInstancesAfterBackupRestoration (26ms)
Refreshing native plugins compatible for Editor in 1.73 ms, found 3 plugins.
Preloading 0 native plugins for Editor in 0.00 ms.
Unloading 220 Unused Serialized files (Serialized files now loaded: 0)
Unloading 6024 unused Assets / (4.8 MB). Loaded Objects now: 6768.
Memory consumption went from 169.5 MB to 164.7 MB.
Total: 9.077600 ms (FindLiveObjects: 0.787700 ms CreateObjectMapping: 1.013300 ms MarkObjects: 4.624400 ms  DeleteObjects: 2.649100 ms)

========================================================================
Received Import Request.
  Time since last request: 136975.984792 seconds.
  path: Assets/Resources/Fantasy UI Borders/PNG/Default/Border/panel-border-000.png
  artifactKey: Guid(b9799e3b0e2d6c241a1601f9cac4124c) Importer(815301076,1909f56bfc062723c751e8b465ee728b)
Start importing Assets/Resources/Fantasy UI Borders/PNG/Default/Border/panel-border-000.png using Guid(b9799e3b0e2d6c241a1601f9cac4124c) Importer(815301076,1909f56bfc062723c751e8b465ee728b) (PreviewImporter) -> (artifact id: 'b387bcb26da1d1a55bd500d6ed7f60c5') in 0.1481124 seconds
Number of updated asset objects reloaded before import = 0Number of asset objects unloaded after import = 3

========================================================================
Received Import Request.
  Time since last request: 0.000030 seconds.
  path: Assets/Resources/Fantasy UI Borders/PNG/Default/Border/panel-border-010.png
  artifactKey: Guid(2b4d26d351001c54fbb4d042f4ae9ba2) Importer(815301076,1909f56bfc062723c751e8b465ee728b)
Start importing Assets/Resources/Fantasy UI Borders/PNG/Default/Border/panel-border-010.png using Guid(2b4d26d351001c54fbb4d042f4ae9ba2) Importer(815301076,1909f56bfc062723c751e8b465ee728b) (PreviewImporter) -> (artifact id: '6aa1e18b826e2c90fab8b5ce25a012c4') in 0.0299337 seconds
Number of updated asset objects reloaded before import = 0Number of asset objects unloaded after import = 3

========================================================================
Received Import Request.
  Time since last request: 0.000030 seconds.
  path: Assets/Resources/Fantasy UI Borders/PNG/Default/Border/panel-border-009.png
  artifactKey: Guid(011ddbbfa1a8fe84abd7734f858bae84) Importer(815301076,1909f56bfc062723c751e8b465ee728b)
Start importing Assets/Resources/Fantasy UI Borders/PNG/Default/Border/panel-border-009.png using Guid(011ddbbfa1a8fe84abd7734f858bae84) Importer(815301076,1909f56bfc062723c751e8b465ee728b) (PreviewImporter) -> (artifact id: 'bb51771b17ff92fac037c28dc73b6567') in 0.0245621 seconds
Number of updated asset objects reloaded before import = 0Number of asset objects unloaded after import = 3

========================================================================
Received Import Request.
  Time since last request: 0.000021 seconds.
  path: Assets/Resources/Fantasy UI Borders/PNG/Default/Border/panel-border-020.png
  artifactKey: Guid(e75ea8eb6171f6f458f9dc7302b9adb0) Importer(815301076,1909f56bfc062723c751e8b465ee728b)
Start importing Assets/Resources/Fantasy UI Borders/PNG/Default/Border/panel-border-020.png using Guid(e75ea8eb6171f6f458f9dc7302b9adb0) Importer(815301076,1909f56bfc062723c751e8b465ee728b) (PreviewImporter) -> (artifact id: 'e6a78ffc2b4d24da10f56438d421f971') in 0.0293853 seconds
Number of updated asset objects reloaded before import = 0Number of asset objects unloaded after import = 3

========================================================================
Received Import Request.
  Time since last request: 0.000023 seconds.
  path: Assets/Resources/Fantasy UI Borders/PNG/Default/Border/panel-border-018.png
  artifactKey: Guid(89457795efe147c438138a048aa5616d) Importer(815301076,1909f56bfc062723c751e8b465ee728b)
Start importing Assets/Resources/Fantasy UI Borders/PNG/Default/Border/panel-border-018.png using Guid(89457795efe147c438138a048aa5616d) Importer(815301076,1909f56bfc062723c751e8b465ee728b) (PreviewImporter) -> (artifact id: '7193704c90fcae492f6da3af1078e2fb') in 0.0354498 seconds
Number of updated asset objects reloaded before import = 0Number of asset objects unloaded after import = 3

========================================================================
Received Import Request.
  Time since last request: 0.000031 seconds.
  path: Assets/Resources/Fantasy UI Borders/PNG/Default/Border/panel-border-031.png
  artifactKey: Guid(3adb3a55b3273f742bc2626a53ed687a) Importer(815301076,1909f56bfc062723c751e8b465ee728b)
Start importing Assets/Resources/Fantasy UI Borders/PNG/Default/Border/panel-border-031.png using Guid(3adb3a55b3273f742bc2626a53ed687a) Importer(815301076,1909f56bfc062723c751e8b465ee728b) (PreviewImporter) -> (artifact id: '3e615aceb842888597f9afe059722bfc') in 0.0282062 seconds
Number of updated asset objects reloaded before import = 0Number of asset objects unloaded after import = 3

========================================================================
Received Import Request.
  Time since last request: 0.000107 seconds.
  path: Assets/Resources/Fantasy UI Borders/PNG/Default/Border/panel-border-024.png
  artifactKey: Guid(b84a3280bd141e74793e8d597ec95526) Importer(815301076,1909f56bfc062723c751e8b465ee728b)
Start importing Assets/Resources/Fantasy UI Borders/PNG/Default/Border/panel-border-024.png using Guid(b84a3280bd141e74793e8d597ec95526) Importer(815301076,1909f56bfc062723c751e8b465ee728b) (PreviewImporter) -> (artifact id: 'c5854745b1b450d5b7879867b764b254') in 0.0303252 seconds
Number of updated asset objects reloaded before import = 0Number of asset objects unloaded after import = 3

========================================================================
Received Import Request.
  Time since last request: 0.000021 seconds.
  path: Assets/Resources/Fantasy UI Borders/PNG/Default/Border/panel-border-015.png
  artifactKey: Guid(be65fbd5df4a66344b593f70e358005f) Importer(815301076,1909f56bfc062723c751e8b465ee728b)
Start importing Assets/Resources/Fantasy UI Borders/PNG/Default/Border/panel-border-015.png using Guid(be65fbd5df4a66344b593f70e358005f) Importer(815301076,1909f56bfc062723c751e8b465ee728b) (PreviewImporter) -> (artifact id: '1f655f2d0a1a5738ae52f7354001501b') in 0.0299385 seconds
Number of updated asset objects reloaded before import = 0Number of asset objects unloaded after import = 3

========================================================================
Received Import Request.
  Time since last request: 0.000071 seconds.
  path: Assets/Resources/Fantasy UI Borders/PNG/Default/Border/panel-border-003.png
  artifactKey: Guid(97edb93157b8bf84b8f0dd8ee3e0bc68) Importer(815301076,1909f56bfc062723c751e8b465ee728b)
Start importing Assets/Resources/Fantasy UI Borders/PNG/Default/Border/panel-border-003.png using Guid(97edb93157b8bf84b8f0dd8ee3e0bc68) Importer(815301076,1909f56bfc062723c751e8b465ee728b) (PreviewImporter) -> (artifact id: '679062bbfe58c46ee3acec6fa60012c7') in 0.0243982 seconds
Number of updated asset objects reloaded before import = 0Number of asset objects unloaded after import = 3

========================================================================
Received Import Request.
  Time since last request: 0.000021 seconds.
  path: Assets/Resources/Fantasy UI Borders/PNG/Default/Border/panel-border-004.png
  artifactKey: Guid(f5c4c6af723012046a8c719dae3cf656) Importer(815301076,1909f56bfc062723c751e8b465ee728b)
Start importing Assets/Resources/Fantasy UI Borders/PNG/Default/Border/panel-border-004.png using Guid(f5c4c6af723012046a8c719dae3cf656) Importer(815301076,1909f56bfc062723c751e8b465ee728b) (PreviewImporter) -> (artifact id: '264b8a40b0d1731ce6dfc5fe813e8e84') in 0.0253718 seconds
Number of updated asset objects reloaded before import = 0Number of asset objects unloaded after import = 3

========================================================================
Received Import Request.
  Time since last request: 22.980390 seconds.
  path: Assets/Resources/Fantasy UI Borders/PNG/Default/Divider/divider-000.png
  artifactKey: Guid(cbc0e08de4a121843a078e5d09226096) Importer(815301076,1909f56bfc062723c751e8b465ee728b)
Start importing Assets/Resources/Fantasy UI Borders/PNG/Default/Divider/divider-000.png using Guid(cbc0e08de4a121843a078e5d09226096) Importer(815301076,1909f56bfc062723c751e8b465ee728b) (PreviewImporter) -> (artifact id: 'e44cf8e3fac3eb6af680718b39f2a468') in 0.0426984 seconds
Number of updated asset objects reloaded before import = 0Number of asset objects unloaded after import = 2

========================================================================
Received Import Request.
  Time since last request: 0.000022 seconds.
  path: Assets/Resources/Fantasy UI Borders/PNG/Default/Divider/divider-004.png
  artifactKey: Guid(377daca29be5dbb4ea6d432d0fc889f4) Importer(815301076,1909f56bfc062723c751e8b465ee728b)
Start importing Assets/Resources/Fantasy UI Borders/PNG/Default/Divider/divider-004.png using Guid(377daca29be5dbb4ea6d432d0fc889f4) Importer(815301076,1909f56bfc062723c751e8b465ee728b) (PreviewImporter) -> (artifact id: 'c70b464b81b4f283efd3cb7ed69c457f') in 0.0392142 seconds
Number of updated asset objects reloaded before import = 0Number of asset objects unloaded after import = 2

========================================================================
Received Import Request.
  Time since last request: 2.867021 seconds.
  path: Assets/Resources/Fantasy UI Borders/PNG/Default/Divider Fade/divider-fade-000.png
  artifactKey: Guid(e67bbb3e9a6e2094c8b8b8a89e4963bd) Importer(815301076,1909f56bfc062723c751e8b465ee728b)
Start importing Assets/Resources/Fantasy UI Borders/PNG/Default/Divider Fade/divider-fade-000.png using Guid(e67bbb3e9a6e2094c8b8b8a89e4963bd) Importer(815301076,1909f56bfc062723c751e8b465ee728b) (PreviewImporter) -> (artifact id: 'dc7e45eda6b3e1b04d84b99eda7fc3a2') in 0.0282591 seconds
Number of updated asset objects reloaded before import = 0Number of asset objects unloaded after import = 2

========================================================================
Received Import Request.
  Time since last request: 0.000016 seconds.
  path: Assets/Resources/Fantasy UI Borders/PNG/Default/Divider Fade/divider-fade-003.png
  artifactKey: Guid(3e6675ba03ff60d46809f246a95844bf) Importer(815301076,1909f56bfc062723c751e8b465ee728b)
Start importing Assets/Resources/Fantasy UI Borders/PNG/Default/Divider Fade/divider-fade-003.png using Guid(3e6675ba03ff60d46809f246a95844bf) Importer(815301076,1909f56bfc062723c751e8b465ee728b) (PreviewImporter) -> (artifact id: '48b62b8ff18034b20802672a6859feb1') in 0.0284673 seconds
Number of updated asset objects reloaded before import = 0Number of asset objects unloaded after import = 2

========================================================================
Received Import Request.
  Time since last request: 18.065846 seconds.
  path: Assets/Resources/Fantasy UI Borders/PNG/Default/Panel/panel-000.png
  artifactKey: Guid(d650c96e681662a45ba3454ecad53523) Importer(815301076,1909f56bfc062723c751e8b465ee728b)
Start importing Assets/Resources/Fantasy UI Borders/PNG/Default/Panel/panel-000.png using Guid(d650c96e681662a45ba3454ecad53523) Importer(815301076,1909f56bfc062723c751e8b465ee728b) (PreviewImporter) -> (artifact id: 'd33cd147228e114ebfe316c458b1ef82') in 0.0390359 seconds
Number of updated asset objects reloaded before import = 0Number of asset objects unloaded after import = 3

========================================================================
Received Import Request.
  Time since last request: 0.000020 seconds.
  path: Assets/Resources/Fantasy UI Borders/PNG/Default/Panel/panel-027.png
  artifactKey: Guid(e5f04e2287cc6b04085523fec8fdd0a6) Importer(815301076,1909f56bfc062723c751e8b465ee728b)
Start importing Assets/Resources/Fantasy UI Borders/PNG/Default/Panel/panel-027.png using Guid(e5f04e2287cc6b04085523fec8fdd0a6) Importer(815301076,1909f56bfc062723c751e8b465ee728b) (PreviewImporter) -> (artifact id: '61a5f20770ce1d215a9adde2bbb1419d') in 0.0263219 seconds
Number of updated asset objects reloaded before import = 0Number of asset objects unloaded after import = 3

========================================================================
Received Import Request.
  Time since last request: 0.000111 seconds.
  path: Assets/Resources/Fantasy UI Borders/PNG/Default/Panel/panel-006.png
  artifactKey: Guid(0e139c53c921c0a498ab6fc39836952e) Importer(815301076,1909f56bfc062723c751e8b465ee728b)
Start importing Assets/Resources/Fantasy UI Borders/PNG/Default/Panel/panel-006.png using Guid(0e139c53c921c0a498ab6fc39836952e) Importer(815301076,1909f56bfc062723c751e8b465ee728b) (PreviewImporter) -> (artifact id: '22e8d66a1f74f72fe62eda5e99897f78') in 0.03252 seconds
Number of updated asset objects reloaded before import = 0Number of asset objects unloaded after import = 3

========================================================================
Received Import Request.
  Time since last request: 0.000017 seconds.
  path: Assets/Resources/Fantasy UI Borders/PNG/Default/Panel/panel-020.png
  artifactKey: Guid(6b12c7f8d7ffdac4681d40b264733d51) Importer(815301076,1909f56bfc062723c751e8b465ee728b)
Start importing Assets/Resources/Fantasy UI Borders/PNG/Default/Panel/panel-020.png using Guid(6b12c7f8d7ffdac4681d40b264733d51) Importer(815301076,1909f56bfc062723c751e8b465ee728b) (PreviewImporter) -> (artifact id: '8ab9b261a2dd4076cca83a406ceda20d') in 0.0310891 seconds
Number of updated asset objects reloaded before import = 0Number of asset objects unloaded after import = 3

========================================================================
Received Import Request.
  Time since last request: 0.000022 seconds.
  path: Assets/Resources/Fantasy UI Borders/PNG/Default/Panel/panel-007.png
  artifactKey: Guid(37916438b4d124b4c9d1665b1f14b813) Importer(815301076,1909f56bfc062723c751e8b465ee728b)
Start importing Assets/Resources/Fantasy UI Borders/PNG/Default/Panel/panel-007.png using Guid(37916438b4d124b4c9d1665b1f14b813) Importer(815301076,1909f56bfc062723c751e8b465ee728b) (PreviewImporter) -> (artifact id: 'ae4c3b14586a23022c202ec71031bef5') in 0.0221758 seconds
Number of updated asset objects reloaded before import = 0Number of asset objects unloaded after import = 3

========================================================================
Received Import Request.
  Time since last request: 0.000044 seconds.
  path: Assets/Resources/Fantasy UI Borders/PNG/Default/Panel/panel-024.png
  artifactKey: Guid(88f86497ee2780545a3920b88a770a5b) Importer(815301076,1909f56bfc062723c751e8b465ee728b)
Start importing Assets/Resources/Fantasy UI Borders/PNG/Default/Panel/panel-024.png using Guid(88f86497ee2780545a3920b88a770a5b) Importer(815301076,1909f56bfc062723c751e8b465ee728b) (PreviewImporter) -> (artifact id: '1fe5c4080f22d66c2cd2a499eacb808d') in 0.0220499 seconds
Number of updated asset objects reloaded before import = 0Number of asset objects unloaded after import = 3

========================================================================
Received Import Request.
  Time since last request: 0.000024 seconds.
  path: Assets/Resources/Fantasy UI Borders/PNG/Default/Panel/panel-028.png
  artifactKey: Guid(31a2b75084c1330408ae5489c3d6a0ae) Importer(815301076,1909f56bfc062723c751e8b465ee728b)
Start importing Assets/Resources/Fantasy UI Borders/PNG/Default/Panel/panel-028.png using Guid(31a2b75084c1330408ae5489c3d6a0ae) Importer(815301076,1909f56bfc062723c751e8b465ee728b) (PreviewImporter) -> (artifact id: 'b5a2c60980c191600c5bec0193c86a34') in 0.0149545 seconds
Number of updated asset objects reloaded before import = 0Number of asset objects unloaded after import = 3

========================================================================
Received Import Request.
  Time since last request: 0.000061 seconds.
  path: Assets/Resources/Fantasy UI Borders/PNG/Default/Panel/panel-025.png
  artifactKey: Guid(a747772f625916f4194373c1d3c230cb) Importer(815301076,1909f56bfc062723c751e8b465ee728b)
Start importing Assets/Resources/Fantasy UI Borders/PNG/Default/Panel/panel-025.png using Guid(a747772f625916f4194373c1d3c230cb) Importer(815301076,1909f56bfc062723c751e8b465ee728b) (PreviewImporter) -> (artifact id: '53370546e06a4327786d6ab47ca26617') in 0.0264167 seconds
Number of updated asset objects reloaded before import = 0Number of asset objects unloaded after import = 3

========================================================================
Received Import Request.
  Time since last request: 0.000029 seconds.
  path: Assets/Resources/Fantasy UI Borders/PNG/Default/Panel/panel-029.png
  artifactKey: Guid(823e00f4be249a741b9be24f43f91e85) Importer(815301076,1909f56bfc062723c751e8b465ee728b)
Start importing Assets/Resources/Fantasy UI Borders/PNG/Default/Panel/panel-029.png using Guid(823e00f4be249a741b9be24f43f91e85) Importer(815301076,1909f56bfc062723c751e8b465ee728b) (PreviewImporter) -> (artifact id: '8c7f01efaae0014ff1b32b15d877663b') in 0.0296032 seconds
Number of updated asset objects reloaded before import = 0Number of asset objects unloaded after import = 3

========================================================================
Received Import Request.
  Time since last request: 0.000022 seconds.
  path: Assets/Resources/Fantasy UI Borders/PNG/Default/Panel/panel-019.png
  artifactKey: Guid(93751b3be35dbcd42a91e2416f201ef2) Importer(815301076,1909f56bfc062723c751e8b465ee728b)
Start importing Assets/Resources/Fantasy UI Borders/PNG/Default/Panel/panel-019.png using Guid(93751b3be35dbcd42a91e2416f201ef2) Importer(815301076,1909f56bfc062723c751e8b465ee728b) (PreviewImporter) -> (artifact id: '9582138d4a7556756ed7371ca59ed3ed') in 0.0341559 seconds
Number of updated asset objects reloaded before import = 0Number of asset objects unloaded after import = 3

========================================================================
Received Import Request.
  Time since last request: 0.000046 seconds.
  path: Assets/Resources/Fantasy UI Borders/PNG/Default/Panel/panel-030.png
  artifactKey: Guid(24785f43124c3c84ea86b0d39ae929f7) Importer(815301076,1909f56bfc062723c751e8b465ee728b)
Start importing Assets/Resources/Fantasy UI Borders/PNG/Default/Panel/panel-030.png using Guid(24785f43124c3c84ea86b0d39ae929f7) Importer(815301076,1909f56bfc062723c751e8b465ee728b) (PreviewImporter) -> (artifact id: 'a5921955ed08b7ee591acde0614b86b0') in 0.0250554 seconds
Number of updated asset objects reloaded before import = 0Number of asset objects unloaded after import = 3

========================================================================
Received Import Request.
  Time since last request: 267.370742 seconds.
  path: Assets/Resources/Fantasy UI
  artifactKey: Guid(137cc164f5fdba2419c5d16dd53ff6ee) Importer(815301076,1909f56bfc062723c751e8b465ee728b)
Start importing Assets/Resources/Fantasy UI using Guid(137cc164f5fdba2419c5d16dd53ff6ee) Importer(815301076,1909f56bfc062723c751e8b465ee728b) (PreviewImporter) -> (artifact id: '876f4c25e8b1942024eebd1dc03a0c35') in 0.0012866 seconds
Number of updated asset objects reloaded before import = 0Number of asset objects unloaded after import = 0

========================================================================
Received Import Request.
  Time since last request: 8.396481 seconds.
  path: Assets/Resources/Fantasy UI/ArrowButtonDownDisabled.png
  artifactKey: Guid(77abf8106554e2d49a4ec5d808771382) Importer(815301076,1909f56bfc062723c751e8b465ee728b)
Start importing Assets/Resources/Fantasy UI/ArrowButtonDownDisabled.png using Guid(77abf8106554e2d49a4ec5d808771382) Importer(815301076,1909f56bfc062723c751e8b465ee728b) (PreviewImporter) -> (artifact id: '1a097a00990956a2bb502b59dd990f49') in 0.0349886 seconds
Number of updated asset objects reloaded before import = 0Number of asset objects unloaded after import = 2

========================================================================
Received Import Request.
  Time since last request: 0.000022 seconds.
  path: Assets/Resources/Fantasy UI/ArrowButtonUpPressed.png
  artifactKey: Guid(665cdbe323476dd4690260f04901a6d8) Importer(815301076,1909f56bfc062723c751e8b465ee728b)
Start importing Assets/Resources/Fantasy UI/ArrowButtonUpPressed.png using Guid(665cdbe323476dd4690260f04901a6d8) Importer(815301076,1909f56bfc062723c751e8b465ee728b) (PreviewImporter) -> (artifact id: '24a4ebdff7891877b1d60f8ccb383b0b') in 0.0205644 seconds
Number of updated asset objects reloaded before import = 0Number of asset objects unloaded after import = 2

========================================================================
Received Import Request.
  Time since last request: 0.000025 seconds.
  path: Assets/Resources/Fantasy UI/stoneButtonDisabled.png
  artifactKey: Guid(b2f66d24ff6dd8d4399a4e2632af159d) Importer(815301076,1909f56bfc062723c751e8b465ee728b)
Start importing Assets/Resources/Fantasy UI/stoneButtonDisabled.png using Guid(b2f66d24ff6dd8d4399a4e2632af159d) Importer(815301076,1909f56bfc062723c751e8b465ee728b) (PreviewImporter) -> (artifact id: 'f70998030c6df92eea16939da3265e82') in 0.022926 seconds
Number of updated asset objects reloaded before import = 0Number of asset objects unloaded after import = 2

========================================================================
Received Import Request.
  Time since last request: 0.000026 seconds.
  path: Assets/Resources/Fantasy UI/radioButtonRoundOn.png
  artifactKey: Guid(8d15c26ef5cc4cf4fab0baf9a08a742f) Importer(815301076,1909f56bfc062723c751e8b465ee728b)
Start importing Assets/Resources/Fantasy UI/radioButtonRoundOn.png using Guid(8d15c26ef5cc4cf4fab0baf9a08a742f) Importer(815301076,1909f56bfc062723c751e8b465ee728b) (PreviewImporter) -> (artifact id: 'cec1b632e5f85db009c50a7ba15d8924') in 0.0243223 seconds
Number of updated asset objects reloaded before import = 0Number of asset objects unloaded after import = 2

========================================================================
Received Import Request.
  Time since last request: 0.000028 seconds.
  path: Assets/Resources/Fantasy UI/fancyButtonHovered.png
  artifactKey: Guid(b468badd45243fe49b1405d6258ee70e) Importer(815301076,1909f56bfc062723c751e8b465ee728b)
Start importing Assets/Resources/Fantasy UI/fancyButtonHovered.png using Guid(b468badd45243fe49b1405d6258ee70e) Importer(815301076,1909f56bfc062723c751e8b465ee728b) (PreviewImporter) -> (artifact id: '9075a62b88171503db21aae8a1d9af4e') in 0.0242559 seconds
Number of updated asset objects reloaded before import = 0Number of asset objects unloaded after import = 2

========================================================================
Received Import Request.
  Time since last request: 0.000018 seconds.
  path: Assets/Resources/Fantasy UI/stoneButtonInsetHovered.png
  artifactKey: Guid(665a8ae68e028d5498b738dbd111c030) Importer(815301076,1909f56bfc062723c751e8b465ee728b)
Start importing Assets/Resources/Fantasy UI/stoneButtonInsetHovered.png using Guid(665a8ae68e028d5498b738dbd111c030) Importer(815301076,1909f56bfc062723c751e8b465ee728b) (PreviewImporter) -> (artifact id: 'd5bce69059bbab30bd15d955e73ae414') in 0.0203246 seconds
Number of updated asset objects reloaded before import = 0Number of asset objects unloaded after import = 2

========================================================================
Received Import Request.
  Time since last request: 0.000027 seconds.
  path: Assets/Resources/Fantasy UI/radioButtonAngularOn.png
  artifactKey: Guid(bda1816c49e47d54595147f0b0b906c8) Importer(815301076,1909f56bfc062723c751e8b465ee728b)
Start importing Assets/Resources/Fantasy UI/radioButtonAngularOn.png using Guid(bda1816c49e47d54595147f0b0b906c8) Importer(815301076,1909f56bfc062723c751e8b465ee728b) (PreviewImporter) -> (artifact id: '2b729b81555da01185a4c6f5c5196d2e') in 0.0210346 seconds
Number of updated asset objects reloaded before import = 0Number of asset objects unloaded after import = 2

========================================================================
Received Import Request.
  Time since last request: 0.000024 seconds.
  path: Assets/Resources/Fantasy UI/ArrowButtonDownReady.png
  artifactKey: Guid(78cc51e854503d548a67b80d1fab325e) Importer(815301076,1909f56bfc062723c751e8b465ee728b)
Start importing Assets/Resources/Fantasy UI/ArrowButtonDownReady.png using Guid(78cc51e854503d548a67b80d1fab325e) Importer(815301076,1909f56bfc062723c751e8b465ee728b) (PreviewImporter) -> (artifact id: '0075835ec0f602db83e93bf7bf639e32') in 0.0260236 seconds
Number of updated asset objects reloaded before import = 0Number of asset objects unloaded after import = 2

========================================================================
Received Import Request.
  Time since last request: 0.000019 seconds.
  path: Assets/Resources/Fantasy UI/stoneButtonInsetReady.png
  artifactKey: Guid(14b49b6c0f65e4a4ba4d307f53342204) Importer(815301076,1909f56bfc062723c751e8b465ee728b)
Start importing Assets/Resources/Fantasy UI/stoneButtonInsetReady.png using Guid(14b49b6c0f65e4a4ba4d307f53342204) Importer(815301076,1909f56bfc062723c751e8b465ee728b) (PreviewImporter) -> (artifact id: '34b2bab359f500f580461fe3adcea8be') in 0.0236536 seconds
Number of updated asset objects reloaded before import = 0Number of asset objects unloaded after import = 2

========================================================================
Received Import Request.
  Time since last request: 0.000120 seconds.
  path: Assets/Resources/Fantasy UI/UIChain_H.png
  artifactKey: Guid(56f6bf120870502498d3fcaa06e6e9ae) Importer(815301076,1909f56bfc062723c751e8b465ee728b)
Start importing Assets/Resources/Fantasy UI/UIChain_H.png using Guid(56f6bf120870502498d3fcaa06e6e9ae) Importer(815301076,1909f56bfc062723c751e8b465ee728b) (PreviewImporter) -> (artifact id: 'ac7a69d50efa453edae87561e24d63dd') in 0.0322242 seconds
Number of updated asset objects reloaded before import = 0Number of asset objects unloaded after import = 2

========================================================================
Received Import Request.
  Time since last request: 0.000034 seconds.
  path: Assets/Resources/Fantasy UI/stoneButtonVerticalPressed.png
  artifactKey: Guid(45a21759434cf024c8748b01d74bc325) Importer(815301076,1909f56bfc062723c751e8b465ee728b)
Start importing Assets/Resources/Fantasy UI/stoneButtonVerticalPressed.png using Guid(45a21759434cf024c8748b01d74bc325) Importer(815301076,1909f56bfc062723c751e8b465ee728b) (PreviewImporter) -> (artifact id: 'c7eb209ce8539fa464d24d35f6a937d6') in 0.0302484 seconds
Number of updated asset objects reloaded before import = 0Number of asset objects unloaded after import = 2

========================================================================
Received Import Request.
  Time since last request: 0.000043 seconds.
  path: Assets/Resources/Fantasy UI/ArrowButtonDownPressed.png
  artifactKey: Guid(657a196eb281aaf4ab4a1e80508a52b3) Importer(815301076,1909f56bfc062723c751e8b465ee728b)
Start importing Assets/Resources/Fantasy UI/ArrowButtonDownPressed.png using Guid(657a196eb281aaf4ab4a1e80508a52b3) Importer(815301076,1909f56bfc062723c751e8b465ee728b) (PreviewImporter) -> (artifact id: '9668b5d9465225427f527b314e467cd2') in 0.0253751 seconds
Number of updated asset objects reloaded before import = 0Number of asset objects unloaded after import = 2

========================================================================
Received Import Request.
  Time since last request: 0.000037 seconds.
  path: Assets/Resources/Fantasy UI/UIChain_V.png
  artifactKey: Guid(9548b4278dd10ff41a0c3e7e130ec329) Importer(815301076,1909f56bfc062723c751e8b465ee728b)
Start importing Assets/Resources/Fantasy UI/UIChain_V.png using Guid(9548b4278dd10ff41a0c3e7e130ec329) Importer(815301076,1909f56bfc062723c751e8b465ee728b) (PreviewImporter) -> (artifact id: '9a4d7190e1b7689ab13c51179ea921af') in 0.0771928 seconds
Number of updated asset objects reloaded before import = 0Number of asset objects unloaded after import = 2

========================================================================
Received Import Request.
  Time since last request: 0.000024 seconds.
  path: Assets/Resources/Fantasy UI/stoneButtonPressed.png
  artifactKey: Guid(718058d69347c4645acb49a60b7a457a) Importer(815301076,1909f56bfc062723c751e8b465ee728b)
Start importing Assets/Resources/Fantasy UI/stoneButtonPressed.png using Guid(718058d69347c4645acb49a60b7a457a) Importer(815301076,1909f56bfc062723c751e8b465ee728b) (PreviewImporter) -> (artifact id: '3bc5e85b2c1d2b37c4f4da32676b4df1') in 0.0363689 seconds
Number of updated asset objects reloaded before import = 0Number of asset objects unloaded after import = 2

========================================================================
Received Import Request.
  Time since last request: 0.000048 seconds.
  path: Assets/Resources/Fantasy UI/stoneButtonVerticalHovered.png
  artifactKey: Guid(e6a07029a4bffa04195811cd6a1182ff) Importer(815301076,1909f56bfc062723c751e8b465ee728b)
Start importing Assets/Resources/Fantasy UI/stoneButtonVerticalHovered.png using Guid(e6a07029a4bffa04195811cd6a1182ff) Importer(815301076,1909f56bfc062723c751e8b465ee728b) (PreviewImporter) -> (artifact id: '321d2984c88a709875faa78444de9761') in 0.0288273 seconds
Number of updated asset objects reloaded before import = 0Number of asset objects unloaded after import = 2

========================================================================
Received Import Request.
  Time since last request: 0.000052 seconds.
  path: Assets/Resources/Fantasy UI/stoneButtonInsetPressed.png
  artifactKey: Guid(0201b64a679172046943240b1be86e49) Importer(815301076,1909f56bfc062723c751e8b465ee728b)
Start importing Assets/Resources/Fantasy UI/stoneButtonInsetPressed.png using Guid(0201b64a679172046943240b1be86e49) Importer(815301076,1909f56bfc062723c751e8b465ee728b) (PreviewImporter) -> (artifact id: 'a430e294ac09a8b5fcb3d1a98934a816') in 0.0238275 seconds
Number of updated asset objects reloaded before import = 0Number of asset objects unloaded after import = 2

========================================================================
Received Import Request.
  Time since last request: 0.000019 seconds.
  path: Assets/Resources/Fantasy UI/simpleStoneButton.png
  artifactKey: Guid(591ba174d5e60d44e86c1509227b3c27) Importer(815301076,1909f56bfc062723c751e8b465ee728b)
Start importing Assets/Resources/Fantasy UI/simpleStoneButton.png using Guid(591ba174d5e60d44e86c1509227b3c27) Importer(815301076,1909f56bfc062723c751e8b465ee728b) (PreviewImporter) -> (artifact id: '55bc448b61e69f9a6ef25703a8eb2e02') in 0.0258831 seconds
Number of updated asset objects reloaded before import = 0Number of asset objects unloaded after import = 2

========================================================================
Received Import Request.
  Time since last request: 0.000023 seconds.
  path: Assets/Resources/Fantasy UI/healthRounded.png
  artifactKey: Guid(fb2480dacbdee034faecf0ea6b10a23c) Importer(815301076,1909f56bfc062723c751e8b465ee728b)
Start importing Assets/Resources/Fantasy UI/healthRounded.png using Guid(fb2480dacbdee034faecf0ea6b10a23c) Importer(815301076,1909f56bfc062723c751e8b465ee728b) (PreviewImporter) -> (artifact id: 'c65a69f6fd466be1f00b8da87a13e224') in 0.022404 seconds
Number of updated asset objects reloaded before import = 0Number of asset objects unloaded after import = 2

========================================================================
Received Import Request.
  Time since last request: 5.627727 seconds.
  path: Assets/Resources/Fantasy UI/license.txt
  artifactKey: Guid(ac2415c18e1fc33409506ea476f6d7c5) Importer(815301076,1909f56bfc062723c751e8b465ee728b)
Start importing Assets/Resources/Fantasy UI/license.txt using Guid(ac2415c18e1fc33409506ea476f6d7c5) Importer(815301076,1909f56bfc062723c751e8b465ee728b) (PreviewImporter) -> (artifact id: '5851033a436e08cb8ee16ea515397b3c') in 0.0013279 seconds
Number of updated asset objects reloaded before import = 0Number of asset objects unloaded after import = 1

========================================================================
Received Import Request.
  Time since last request: 10.939347 seconds.
  path: Assets/Resources/Fantasy UI/ArrowButtonDownDisabled.png
  artifactKey: Guid(77abf8106554e2d49a4ec5d808771382) Importer(815301076,1909f56bfc062723c751e8b465ee728b)
Start importing Assets/Resources/Fantasy UI/ArrowButtonDownDisabled.png using Guid(77abf8106554e2d49a4ec5d808771382) Importer(815301076,1909f56bfc062723c751e8b465ee728b) (PreviewImporter) -> (artifact id: '84a658e6585f5a351c2cdb6c7a79a112') in 0.0617899 seconds
Number of updated asset objects reloaded before import = 0Number of asset objects unloaded after import = 3

========================================================================
Received Import Request.
  Time since last request: 0.000027 seconds.
  path: Assets/Resources/Fantasy UI/ArrowButtonUpPressed.png
  artifactKey: Guid(665cdbe323476dd4690260f04901a6d8) Importer(815301076,1909f56bfc062723c751e8b465ee728b)
Start importing Assets/Resources/Fantasy UI/ArrowButtonUpPressed.png using Guid(665cdbe323476dd4690260f04901a6d8) Importer(815301076,1909f56bfc062723c751e8b465ee728b) (PreviewImporter) -> (artifact id: 'd5b387d0ae50da7fdf61d7cbc9e51d78') in 0.0376863 seconds
Number of updated asset objects reloaded before import = 0Number of asset objects unloaded after import = 3

========================================================================
Received Import Request.
  Time since last request: 0.000028 seconds.
  path: Assets/Resources/Fantasy UI/stoneButtonDisabled.png
  artifactKey: Guid(b2f66d24ff6dd8d4399a4e2632af159d) Importer(815301076,1909f56bfc062723c751e8b465ee728b)
Start importing Assets/Resources/Fantasy UI/stoneButtonDisabled.png using Guid(b2f66d24ff6dd8d4399a4e2632af159d) Importer(815301076,1909f56bfc062723c751e8b465ee728b) (PreviewImporter) -> (artifact id: '12fa1f162483ef3f1984e7270d7d764c') in 0.0327085 seconds
Number of updated asset objects reloaded before import = 0Number of asset objects unloaded after import = 3

========================================================================
Received Import Request.
  Time since last request: 0.000042 seconds.
  path: Assets/Resources/Fantasy UI/targetingCursorBrassAndCrystal.png
  artifactKey: Guid(3067d58fe758285478cfe91636adc0a8) Importer(815301076,1909f56bfc062723c751e8b465ee728b)
Start importing Assets/Resources/Fantasy UI/targetingCursorBrassAndCrystal.png using Guid(3067d58fe758285478cfe91636adc0a8) Importer(815301076,1909f56bfc062723c751e8b465ee728b) (PreviewImporter) -> (artifact id: 'c7a28a89585c64b892c29e070859f9ab') in 0.0313018 seconds
Number of updated asset objects reloaded before import = 0Number of asset objects unloaded after import = 3

========================================================================
Received Import Request.
  Time since last request: 0.000028 seconds.
  path: Assets/Resources/Fantasy UI/stoneButtonInsetHovered.png
  artifactKey: Guid(665a8ae68e028d5498b738dbd111c030) Importer(815301076,1909f56bfc062723c751e8b465ee728b)
Start importing Assets/Resources/Fantasy UI/stoneButtonInsetHovered.png using Guid(665a8ae68e028d5498b738dbd111c030) Importer(815301076,1909f56bfc062723c751e8b465ee728b) (PreviewImporter) -> (artifact id: 'dd2e23346440671bc281e3627af1bd54') in 0.0452134 seconds
Number of updated asset objects reloaded before import = 0Number of asset objects unloaded after import = 3

========================================================================
Received Import Request.
  Time since last request: 0.000080 seconds.
  path: Assets/Resources/Fantasy UI/stoneButtonReady.png
  artifactKey: Guid(bb98905fb221636438d53aa53191d5ce) Importer(815301076,1909f56bfc062723c751e8b465ee728b)
Start importing Assets/Resources/Fantasy UI/stoneButtonReady.png using Guid(bb98905fb221636438d53aa53191d5ce) Importer(815301076,1909f56bfc062723c751e8b465ee728b) (PreviewImporter) -> (artifact id: 'e5b44b63bb4745973741aeeee82b1e6a') in 0.0404911 seconds
Number of updated asset objects reloaded before import = 0Number of asset objects unloaded after import = 3

========================================================================
Received Import Request.
  Time since last request: 0.000016 seconds.
  path: Assets/Resources/Fantasy UI/stoneTexture.png
  artifactKey: Guid(4fe638c7a1ae8c846b854e318e1baf06) Importer(815301076,1909f56bfc062723c751e8b465ee728b)
Start importing Assets/Resources/Fantasy UI/stoneTexture.png using Guid(4fe638c7a1ae8c846b854e318e1baf06) Importer(815301076,1909f56bfc062723c751e8b465ee728b) (PreviewImporter) -> (artifact id: 'cc0b8c3c616e36164678b2509e4cf5ff') in 0.0664045 seconds
Number of updated asset objects reloaded before import = 0Number of asset objects unloaded after import = 3

========================================================================
Received Import Request.
  Time since last request: 0.000024 seconds.
  path: Assets/Resources/Fantasy UI/radioButtonRoundOff.png
  artifactKey: Guid(9d4d4f3fe733f034f8e07f311978c5ca) Importer(815301076,1909f56bfc062723c751e8b465ee728b)
Start importing Assets/Resources/Fantasy UI/radioButtonRoundOff.png using Guid(9d4d4f3fe733f034f8e07f311978c5ca) Importer(815301076,1909f56bfc062723c751e8b465ee728b) (PreviewImporter) -> (artifact id: '7a3de6a953416ea5d1cd68d71ecf8ae4') in 0.0277353 seconds
Number of updated asset objects reloaded before import = 0Number of asset objects unloaded after import = 3

========================================================================
Received Import Request.
  Time since last request: 0.000026 seconds.
  path: Assets/Resources/Fantasy UI/ArrowButtonUpHovered.png
  artifactKey: Guid(9912754b0557a94469202341f0e3b3ef) Importer(815301076,1909f56bfc062723c751e8b465ee728b)
Start importing Assets/Resources/Fantasy UI/ArrowButtonUpHovered.png using Guid(9912754b0557a94469202341f0e3b3ef) Importer(815301076,1909f56bfc062723c751e8b465ee728b) (PreviewImporter) -> (artifact id: 'ba1854471813095ef65899d8ec908520') in 0.0284858 seconds
Number of updated asset objects reloaded before import = 0Number of asset objects unloaded after import = 3

========================================================================
Received Import Request.
  Time since last request: 0.000018 seconds.
  path: Assets/Resources/Fantasy UI/stoneButtonVerticalHovered.png
  artifactKey: Guid(e6a07029a4bffa04195811cd6a1182ff) Importer(815301076,1909f56bfc062723c751e8b465ee728b)
Start importing Assets/Resources/Fantasy UI/stoneButtonVerticalHovered.png using Guid(e6a07029a4bffa04195811cd6a1182ff) Importer(815301076,1909f56bfc062723c751e8b465ee728b) (PreviewImporter) -> (artifact id: '20bcb990dabc8f0daf56b4a960f9c84a') in 0.0305864 seconds
Number of updated asset objects reloaded before import = 0Number of asset objects unloaded after import = 3

========================================================================
Received Import Request.
  Time since last request: 0.000023 seconds.
  path: Assets/Resources/Fantasy UI/stoneButtonInsetPressed.png
  artifactKey: Guid(0201b64a679172046943240b1be86e49) Importer(815301076,1909f56bfc062723c751e8b465ee728b)
Start importing Assets/Resources/Fantasy UI/stoneButtonInsetPressed.png using Guid(0201b64a679172046943240b1be86e49) Importer(815301076,1909f56bfc062723c751e8b465ee728b) (PreviewImporter) -> (artifact id: 'fec4d51ad2569aba4ad802aa7ae42363') in 0.0306889 seconds
Number of updated asset objects reloaded before import = 0Number of asset objects unloaded after import = 3

========================================================================
Received Import Request.
  Time since last request: 0.000038 seconds.
  path: Assets/Resources/Fantasy UI/fancyButtonPressed.png
  artifactKey: Guid(160340560180ad847bac3d3135209eac) Importer(815301076,1909f56bfc062723c751e8b465ee728b)
Start importing Assets/Resources/Fantasy UI/fancyButtonPressed.png using Guid(160340560180ad847bac3d3135209eac) Importer(815301076,1909f56bfc062723c751e8b465ee728b) (PreviewImporter) -> (artifact id: '6d3e32ac2d47416b1c006505cf21f272') in 0.0364947 seconds
Number of updated asset objects reloaded before import = 0Number of asset objects unloaded after import = 3

========================================================================
Received Import Request.
  Time since last request: 86.332932 seconds.
  path: Assets/Prefabs/Card.prefab
  artifactKey: Guid(f77d421a02c87dc49bad59cb3f9ca253) Importer(815301076,1909f56bfc062723c751e8b465ee728b)
Start importing Assets/Prefabs/Card.prefab using Guid(f77d421a02c87dc49bad59cb3f9ca253) Importer(815301076,1909f56bfc062723c751e8b465ee728b) (PreviewImporter) -> (artifact id: 'a0ec9ad38103e9adc0ef0810e0c831bd') in 0.7578876 seconds
Number of updated asset objects reloaded before import = 0Number of asset objects unloaded after import = 74

========================================================================
Received Prepare
Begin MonoManager ReloadAssembly
- Loaded All Assemblies, in  1.201 seconds
Refreshing native plugins compatible for Editor in 2.25 ms, found 3 plugins.
Native extension for Android target not found
Native extension for WindowsStandalone target not found
Native extension for WebGL target not found
Mono: successfully reloaded assembly
- Finished resetting the current domain, in  1.044 seconds
Domain Reload Profiling: 2238ms
	BeginReloadAssembly (330ms)
		ExecutionOrderSort (0ms)
		DisableScriptedObjects (59ms)
		BackupInstance (0ms)
		ReleaseScriptingObjects (0ms)
		CreateAndSetChildDomain (69ms)
	RebuildCommonClasses (46ms)
	RebuildNativeTypeToScriptingClass (16ms)
	initialDomainReloadingComplete (40ms)
	LoadAllAssembliesAndSetupDomain (762ms)
		LoadAssemblies (624ms)
		RebuildTransferFunctionScriptingTraits (0ms)
		AnalyzeDomain (270ms)
			TypeCache.Refresh (18ms)
				TypeCache.ScanAssembly (0ms)
			BuildScriptInfoCaches (222ms)
			ResolveRequiredComponents (23ms)
	FinalizeReload (1044ms)
		ReleaseScriptCaches (0ms)
		RebuildScriptCaches (0ms)
		SetupLoadedEditorAssemblies (763ms)
			LogAssemblyErrors (0ms)
			InitializePlatformSupportModulesInManaged (12ms)
			SetLoadedEditorAssemblies (6ms)
			BeforeProcessingInitializeOnLoad (161ms)
			ProcessInitializeOnLoadAttributes (480ms)
			ProcessInitializeOnLoadMethodAttributes (92ms)
			AfterProcessingInitializeOnLoad (11ms)
			EditorAssembliesLoaded (1ms)
		ExecutionOrderSort2 (0ms)
		AwakeInstancesAfterBackupRestoration (57ms)
Refreshing native plugins compatible for Editor in 2.70 ms, found 3 plugins.
Preloading 0 native plugins for Editor in 0.00 ms.
Unloading 24 Unused Serialized files (Serialized files now loaded: 0)
Unloading 6020 unused Assets / (4.5 MB). Loaded Objects now: 6835.
Memory consumption went from 142.6 MB to 138.0 MB.
Total: 17.021200 ms (FindLiveObjects: 0.990100 ms CreateObjectMapping: 2.371600 ms MarkObjects: 8.690700 ms  DeleteObjects: 4.966900 ms)

Prepare: number of updated asset objects reloaded= 0
========================================================================
Received Import Request.
  Time since last request: 583.376321 seconds.
  path: Assets/Resources/Fantasy UI/fancyButtonReady.png
  artifactKey: Guid(86711e4ea3dba594fa5e08dbc12baefc) Importer(815301076,1909f56bfc062723c751e8b465ee728b)
Start importing Assets/Resources/Fantasy UI/fancyButtonReady.png using Guid(86711e4ea3dba594fa5e08dbc12baefc) Importer(815301076,1909f56bfc062723c751e8b465ee728b) (PreviewImporter) -> (artifact id: 'ce1867317ab8a89a09b04cb36c7e9d31') in 0.1254962 seconds
Number of updated asset objects reloaded before import = 0Number of asset objects unloaded after import = 3

========================================================================
Received Import Request.
  Time since last request: 0.000140 seconds.
  path: Assets/Resources/Fantasy UI/ArrowButtonDownHovered.png
  artifactKey: Guid(c6bcd6a953b56594d8dbbdda46bb0420) Importer(815301076,1909f56bfc062723c751e8b465ee728b)
Start importing Assets/Resources/Fantasy UI/ArrowButtonDownHovered.png using Guid(c6bcd6a953b56594d8dbbdda46bb0420) Importer(815301076,1909f56bfc062723c751e8b465ee728b) (PreviewImporter) -> (artifact id: 'df14b72a0be43049e5636826b4bdffd7') in 0.0422658 seconds
Number of updated asset objects reloaded before import = 0Number of asset objects unloaded after import = 3

========================================================================
Received Import Request.
  Time since last request: 0.000020 seconds.
  path: Assets/Resources/Fantasy UI/healthAngular.png
  artifactKey: Guid(4c50c1b6c4afaeb43b87d2587f4b0cbf) Importer(815301076,1909f56bfc062723c751e8b465ee728b)
Start importing Assets/Resources/Fantasy UI/healthAngular.png using Guid(4c50c1b6c4afaeb43b87d2587f4b0cbf) Importer(815301076,1909f56bfc062723c751e8b465ee728b) (PreviewImporter) -> (artifact id: 'f2bf554f540e66654ea4ce6502e694a0') in 0.0163974 seconds
Number of updated asset objects reloaded before import = 0Number of asset objects unloaded after import = 3

========================================================================
Received Import Request.
  Time since last request: 0.000021 seconds.
  path: Assets/Resources/Fantasy UI/fancyButtonHovered.png
  artifactKey: Guid(b468badd45243fe49b1405d6258ee70e) Importer(815301076,1909f56bfc062723c751e8b465ee728b)
Start importing Assets/Resources/Fantasy UI/fancyButtonHovered.png using Guid(b468badd45243fe49b1405d6258ee70e) Importer(815301076,1909f56bfc062723c751e8b465ee728b) (PreviewImporter) -> (artifact id: '30125b3dfaac390db26eff6abe79cd7d') in 0.028691 seconds
Number of updated asset objects reloaded before import = 0Number of asset objects unloaded after import = 3

========================================================================
Received Import Request.
  Time since last request: 0.000023 seconds.
  path: Assets/Resources/Fantasy UI/stoneButtonInsetDisabled.png
  artifactKey: Guid(a60c68f30469bbb4d9d8a73d9d1de40c) Importer(815301076,1909f56bfc062723c751e8b465ee728b)
Start importing Assets/Resources/Fantasy UI/stoneButtonInsetDisabled.png using Guid(a60c68f30469bbb4d9d8a73d9d1de40c) Importer(815301076,1909f56bfc062723c751e8b465ee728b) (PreviewImporter) -> (artifact id: 'e475f18676ad05401c5e7610bd6c3d83') in 0.031193 seconds
Number of updated asset objects reloaded before import = 0Number of asset objects unloaded after import = 3

========================================================================
Received Import Request.
  Time since last request: 0.000082 seconds.
  path: Assets/Resources/Fantasy UI/radioButtonAngularOn.png
  artifactKey: Guid(bda1816c49e47d54595147f0b0b906c8) Importer(815301076,1909f56bfc062723c751e8b465ee728b)
Start importing Assets/Resources/Fantasy UI/radioButtonAngularOn.png using Guid(bda1816c49e47d54595147f0b0b906c8) Importer(815301076,1909f56bfc062723c751e8b465ee728b) (PreviewImporter) -> (artifact id: '6eeb6f49496f53a6bfc198df26803d93') in 0.0321865 seconds
Number of updated asset objects reloaded before import = 0Number of asset objects unloaded after import = 3

========================================================================
Received Import Request.
  Time since last request: 0.000022 seconds.
  path: Assets/Resources/Fantasy UI/ArrowButtonDownReady.png
  artifactKey: Guid(78cc51e854503d548a67b80d1fab325e) Importer(815301076,1909f56bfc062723c751e8b465ee728b)
Start importing Assets/Resources/Fantasy UI/ArrowButtonDownReady.png using Guid(78cc51e854503d548a67b80d1fab325e) Importer(815301076,1909f56bfc062723c751e8b465ee728b) (PreviewImporter) -> (artifact id: '0286bd0c2ec620187a0e215a8b615d93') in 0.0285167 seconds
Number of updated asset objects reloaded before import = 0Number of asset objects unloaded after import = 3

========================================================================
Received Import Request.
  Time since last request: 0.000025 seconds.
  path: Assets/Resources/Fantasy UI/stoneButtonInsetReady.png
  artifactKey: Guid(14b49b6c0f65e4a4ba4d307f53342204) Importer(815301076,1909f56bfc062723c751e8b465ee728b)
Start importing Assets/Resources/Fantasy UI/stoneButtonInsetReady.png using Guid(14b49b6c0f65e4a4ba4d307f53342204) Importer(815301076,1909f56bfc062723c751e8b465ee728b) (PreviewImporter) -> (artifact id: 'da18d7194a2c3e054d460c2f6a758580') in 0.0304514 seconds
Number of updated asset objects reloaded before import = 0Number of asset objects unloaded after import = 3

========================================================================
Received Import Request.
  Time since last request: 0.000016 seconds.
  path: Assets/Resources/Fantasy UI/UIChain_H.png
  artifactKey: Guid(56f6bf120870502498d3fcaa06e6e9ae) Importer(815301076,1909f56bfc062723c751e8b465ee728b)
Start importing Assets/Resources/Fantasy UI/UIChain_H.png using Guid(56f6bf120870502498d3fcaa06e6e9ae) Importer(815301076,1909f56bfc062723c751e8b465ee728b) (PreviewImporter) -> (artifact id: 'c6541fa800812b94d606a43cd9bb2c4e') in 0.0330333 seconds
Number of updated asset objects reloaded before import = 0Number of asset objects unloaded after import = 3

========================================================================
Received Import Request.
  Time since last request: 0.000051 seconds.
  path: Assets/Resources/Fantasy UI/stoneButtonVerticalDisabled.png
  artifactKey: Guid(634227ca326e9d744b52de72e296c820) Importer(815301076,1909f56bfc062723c751e8b465ee728b)
Start importing Assets/Resources/Fantasy UI/stoneButtonVerticalDisabled.png using Guid(634227ca326e9d744b52de72e296c820) Importer(815301076,1909f56bfc062723c751e8b465ee728b) (PreviewImporter) -> (artifact id: 'bfd7dea53cf6584ad23507db5ecc918a') in 0.0308638 seconds
Number of updated asset objects reloaded before import = 0Number of asset objects unloaded after import = 3

========================================================================
Received Import Request.
  Time since last request: 0.000040 seconds.
  path: Assets/Resources/Fantasy UI/radioButtonRoundOff.png
  artifactKey: Guid(9d4d4f3fe733f034f8e07f311978c5ca) Importer(815301076,1909f56bfc062723c751e8b465ee728b)
Start importing Assets/Resources/Fantasy UI/radioButtonRoundOff.png using Guid(9d4d4f3fe733f034f8e07f311978c5ca) Importer(815301076,1909f56bfc062723c751e8b465ee728b) (PreviewImporter) -> (artifact id: '6d754a788b2d9c85e043722f8c347c78') in 0.0367736 seconds
Number of updated asset objects reloaded before import = 0Number of asset objects unloaded after import = 3

========================================================================
Received Import Request.
  Time since last request: 0.000020 seconds.
  path: Assets/Resources/Fantasy UI/targetingCursorCrystal.png
  artifactKey: Guid(2643836056a368a468f1bcbced08afac) Importer(815301076,1909f56bfc062723c751e8b465ee728b)
Start importing Assets/Resources/Fantasy UI/targetingCursorCrystal.png using Guid(2643836056a368a468f1bcbced08afac) Importer(815301076,1909f56bfc062723c751e8b465ee728b) (PreviewImporter) -> (artifact id: 'ea3b9a0bd0e355ec252e157b99b2bacc') in 0.017173 seconds
Number of updated asset objects reloaded before import = 0Number of asset objects unloaded after import = 3

========================================================================
Received Import Request.
  Time since last request: 0.000033 seconds.
  path: Assets/Resources/Fantasy UI/ArrowButtonUpHovered.png
  artifactKey: Guid(9912754b0557a94469202341f0e3b3ef) Importer(815301076,1909f56bfc062723c751e8b465ee728b)
Start importing Assets/Resources/Fantasy UI/ArrowButtonUpHovered.png using Guid(9912754b0557a94469202341f0e3b3ef) Importer(815301076,1909f56bfc062723c751e8b465ee728b) (PreviewImporter) -> (artifact id: 'e4e32ac7fb77525350cfd21c9b37371a') in 0.0300082 seconds
Number of updated asset objects reloaded before import = 0Number of asset objects unloaded after import = 3

========================================================================
Received Import Request.
  Time since last request: 0.000027 seconds.
  path: Assets/Resources/Fantasy UI/ArrowButtonUpReady.png
  artifactKey: Guid(916db07f4aeb44c4599f5dc566d60361) Importer(815301076,1909f56bfc062723c751e8b465ee728b)
Start importing Assets/Resources/Fantasy UI/ArrowButtonUpReady.png using Guid(916db07f4aeb44c4599f5dc566d60361) Importer(815301076,1909f56bfc062723c751e8b465ee728b) (PreviewImporter) -> (artifact id: 'c19c140d9c4fc7b1a65c3a5abee31513') in 0.0284979 seconds
Number of updated asset objects reloaded before import = 0Number of asset objects unloaded after import = 3

========================================================================
Received Import Request.
  Time since last request: 0.000021 seconds.
  path: Assets/Resources/Fantasy UI/stoneButtonVerticalReady.png
  artifactKey: Guid(971cf40cabfd3d1468aa12cb2d452cc4) Importer(815301076,1909f56bfc062723c751e8b465ee728b)
Start importing Assets/Resources/Fantasy UI/stoneButtonVerticalReady.png using Guid(971cf40cabfd3d1468aa12cb2d452cc4) Importer(815301076,1909f56bfc062723c751e8b465ee728b) (PreviewImporter) -> (artifact id: '36150afe2bfee372e99324f83c8f6752') in 0.0279202 seconds
Number of updated asset objects reloaded before import = 0Number of asset objects unloaded after import = 3

========================================================================
Received Import Request.
  Time since last request: 0.000043 seconds.
  path: Assets/Resources/Fantasy UI/stoneButtonInsetPressed.png
  artifactKey: Guid(0201b64a679172046943240b1be86e49) Importer(815301076,1909f56bfc062723c751e8b465ee728b)
Start importing Assets/Resources/Fantasy UI/stoneButtonInsetPressed.png using Guid(0201b64a679172046943240b1be86e49) Importer(815301076,1909f56bfc062723c751e8b465ee728b) (PreviewImporter) -> (artifact id: '47f8d0c346a2ddfe6c41c93d76428e04') in 0.0289213 seconds
Number of updated asset objects reloaded before import = 0Number of asset objects unloaded after import = 3

========================================================================
Received Import Request.
  Time since last request: 0.000197 seconds.
  path: Assets/Resources/Fantasy UI/simpleStoneButton.png
  artifactKey: Guid(591ba174d5e60d44e86c1509227b3c27) Importer(815301076,1909f56bfc062723c751e8b465ee728b)
Start importing Assets/Resources/Fantasy UI/simpleStoneButton.png using Guid(591ba174d5e60d44e86c1509227b3c27) Importer(815301076,1909f56bfc062723c751e8b465ee728b) (PreviewImporter) -> (artifact id: '307acfbc2dfbb782ee66c79726f77d94') in 0.028579 seconds
Number of updated asset objects reloaded before import = 0Number of asset objects unloaded after import = 3

========================================================================
Received Import Request.
  Time since last request: 0.000040 seconds.
  path: Assets/Resources/Fantasy UI/healthRounded.png
  artifactKey: Guid(fb2480dacbdee034faecf0ea6b10a23c) Importer(815301076,1909f56bfc062723c751e8b465ee728b)
Start importing Assets/Resources/Fantasy UI/healthRounded.png using Guid(fb2480dacbdee034faecf0ea6b10a23c) Importer(815301076,1909f56bfc062723c751e8b465ee728b) (PreviewImporter) -> (artifact id: 'f6e5e4286d520ed16d89efb3f60cf297') in 0.0159578 seconds
Number of updated asset objects reloaded before import = 0Number of asset objects unloaded after import = 3

========================================================================
Received Prepare
Begin MonoManager ReloadAssembly
- Loaded All Assemblies, in  1.123 seconds
Refreshing native plugins compatible for Editor in 1.74 ms, found 3 plugins.
Native extension for Android target not found
Native extension for WindowsStandalone target not found
Native extension for WebGL target not found
Mono: successfully reloaded assembly
- Finished resetting the current domain, in  1.157 seconds
Domain Reload Profiling: 2275ms
	BeginReloadAssembly (338ms)
		ExecutionOrderSort (0ms)
		DisableScriptedObjects (41ms)
		BackupInstance (0ms)
		ReleaseScriptingObjects (0ms)
		CreateAndSetChildDomain (70ms)
	RebuildCommonClasses (56ms)
	RebuildNativeTypeToScriptingClass (17ms)
	initialDomainReloadingComplete (40ms)
	LoadAllAssembliesAndSetupDomain (666ms)
		LoadAssemblies (538ms)
		RebuildTransferFunctionScriptingTraits (0ms)
		AnalyzeDomain (277ms)
			TypeCache.Refresh (11ms)
				TypeCache.ScanAssembly (0ms)
			BuildScriptInfoCaches (238ms)
			ResolveRequiredComponents (20ms)
	FinalizeReload (1158ms)
		ReleaseScriptCaches (0ms)
		RebuildScriptCaches (0ms)
		SetupLoadedEditorAssemblies (897ms)
			LogAssemblyErrors (0ms)
			InitializePlatformSupportModulesInManaged (15ms)
			SetLoadedEditorAssemblies (8ms)
			BeforeProcessingInitializeOnLoad (205ms)
			ProcessInitializeOnLoadAttributes (558ms)
			ProcessInitializeOnLoadMethodAttributes (97ms)
			AfterProcessingInitializeOnLoad (15ms)
			EditorAssembliesLoaded (0ms)
		ExecutionOrderSort2 (0ms)
		AwakeInstancesAfterBackupRestoration (47ms)
Refreshing native plugins compatible for Editor in 2.29 ms, found 3 plugins.
Preloading 0 native plugins for Editor in 0.00 ms.
Unloading 14 Unused Serialized files (Serialized files now loaded: 0)
Unloading 6019 unused Assets / (5.0 MB). Loaded Objects now: 6839.
Memory consumption went from 140.5 MB to 135.5 MB.
Total: 17.420300 ms (FindLiveObjects: 1.646600 ms CreateObjectMapping: 1.923900 ms MarkObjects: 8.777300 ms  DeleteObjects: 5.070800 ms)

Prepare: number of updated asset objects reloaded= 0
Editor requested this worker to shutdown with reason: Scaling down because of idle timeout
AssetImportWorker is now disconnected from the server
Process exiting
Exiting without the bug reporter. Application will terminate with return code 0