Using pre-set license
Built from '6000.1/staging' branch; Version is '6000.1.10f1 (3c681a6c22ff) revision 3958810'; Using compiler version '194234433'; Build Type 'Release'
OS: 'Windows 11  (10.0.26200) 64bit Core' Language: 'es' Physical Memory: 16233 MB
BatchMode: 1, IsHumanControllingUs: 0, StartBugReporterOnCrash: 0, Is64bit: 1, IsPro: 1
Date: 2026-08-16T21:48:04Z

COMMAND LINE ARGUMENTS:
C:\Program Files\Unity\Hub\Editor\6000.1.10f1\Editor\Unity.exe
-adb2
-batchMode
-noUpm
-name
AssetImportWorker3
-projectPath
C:/Users/JaumeJH/O_MEC
-logFile
Logs/AssetImportWorker3.log
-srvPort
56401
-job-worker-count
5
-background-job-worker-count
8
-gc-helper-count
1
-name
AssetImport
Successfully changed project path to: C:/Users/JaumeJH/O_MEC
C:/Users/JaumeJH/O_MEC
[UnityMemory] Configuration Parameters - Can be set up in boot.config
    "memorysetup-allocator-temp-initial-block-size-main=262144"
    "memorysetup-allocator-temp-initial-block-size-worker=262144"
    "memorysetup-bucket-allocator-granularity=16"
    "memorysetup-bucket-allocator-bucket-count=8"
    "memorysetup-bucket-allocator-block-size=33554432"
    "memorysetup-bucket-allocator-block-count=8"
    "memorysetup-main-allocator-block-size=16777216"
    "memorysetup-thread-allocator-block-size=16777216"
    "memorysetup-gfx-main-allocator-block-size=16777216"
    "memorysetup-gfx-thread-allocator-block-size=16777216"
    "memorysetup-cache-allocator-block-size=4194304"
    "memorysetup-typetree-allocator-block-size=2097152"
    "memorysetup-profiler-bucket-allocator-granularity=16"
    "memorysetup-profiler-bucket-allocator-bucket-count=8"
    "memorysetup-profiler-bucket-allocator-block-size=33554432"
    "memorysetup-profiler-bucket-allocator-block-count=8"
    "memorysetup-profiler-allocator-block-size=16777216"
    "memorysetup-profiler-editor-allocator-block-size=1048576"
    "memorysetup-temp-allocator-size-main=16777216"
    "memorysetup-job-temp-allocator-block-size=2097152"
    "memorysetup-job-temp-allocator-block-size-background=1048576"
    "memorysetup-job-temp-allocator-reduction-small-platforms=262144"
    "memorysetup-temp-allocator-size-background-worker=32768"
    "memorysetup-temp-allocator-size-job-worker=262144"
    "memorysetup-temp-allocator-size-preload-manager=33554432"
    "memorysetup-temp-allocator-size-nav-mesh-worker=65536"
    "memorysetup-temp-allocator-size-audio-worker=65536"
    "memorysetup-temp-allocator-size-cloud-worker=32768"
    "memorysetup-temp-allocator-size-gi-baking-worker=262144"
    "memorysetup-temp-allocator-size-gi-baking-worker=262144"
    "memorysetup-temp-allocator-size-gi-baking-worker=262144"
    "memorysetup-temp-allocator-size-gi-baking-worker=262144"
    "memorysetup-temp-allocator-size-gi-baking-worker=262144"
    "memorysetup-temp-allocator-size-gfx=262144"
Player connection [44900]  Target information:

Player connection [44900]  * "[IP] 26.199.87.91 [Port] 0 [Flags] 2 [Guid] 1186325291 [EditorId] 1186325291 [Version] 1048832 [Id] WindowsEditor(7,Zephyrus-JH) [Debug] 1 [PackageName] WindowsEditor [ProjectName] Editor" 

Player connection [44900]  * "[IP] 192.168.131.1 [Port] 0 [Flags] 2 [Guid] 1186325291 [EditorId] 1186325291 [Version] 1048832 [Id] WindowsEditor(7,Zephyrus-JH) [Debug] 1 [PackageName] WindowsEditor [ProjectName] Editor" 

Player connection [44900]  * "[IP] 192.168.47.1 [Port] 0 [Flags] 2 [Guid] 1186325291 [EditorId] 1186325291 [Version] 1048832 [Id] WindowsEditor(7,Zephyrus-JH) [Debug] 1 [PackageName] WindowsEditor [ProjectName] Editor" 

Player connection [44900]  * "[IP] 192.168.18.7 [Port] 0 [Flags] 2 [Guid] 1186325291 [EditorId] 1186325291 [Version] 1048832 [Id] WindowsEditor(7,Zephyrus-JH) [Debug] 1 [PackageName] WindowsEditor [ProjectName] Editor" 

Player connection [44900] Host joined multi-casting on [225.0.0.222:54997]...
Player connection [44900] Host joined alternative multi-casting on [225.0.0.222:34997]...
JobSystem: Creating JobQueue using job-worker-count value 5
Input System module state changed to: Initialized.
[Physics::Module] Initialized fallback backend.
[Physics::Module] Id: 0xdecafbad
Library Redirect Path: Library/
[Physics::Module] Selected backend.
[Physics::Module] Name: PhysX
[Physics::Module] Id: 0xf2b8ea05
[Physics::Module] SDK Version: 4.1.2
[Physics::Module] Integration Version: 1.0.0
[Physics::Module] Threading Mode: Multi-Threaded
Refreshing native plugins compatible for Editor in 5.18 ms, found 3 plugins.
Preloading 0 native plugins for Editor in 0.00 ms.
Initialize engine version: 6000.1.10f1 (3c681a6c22ff)
[Subsystems] Discovering subsystems at path C:/Program Files/Unity/Hub/Editor/6000.1.10f1/Editor/Data/Resources/UnitySubsystems
[Subsystems] Discovering subsystems at path C:/Users/JaumeJH/O_MEC/Assets
GfxDevice: creating device client; kGfxThreadingModeNonThreaded
Direct3D:
    Version:         Direct3D 12 [level 12.1]
    Renderer:        NVIDIA GeForce RTX 2070 (ID=0x1f50)
    Vendor:          NVIDIA
    VRAM:            8006 MB
    App VRAM Budget: 7238 MB
    Driver:          32.0.15.9621
Initialize mono
Mono path[0] = 'C:/Program Files/Unity/Hub/Editor/6000.1.10f1/Editor/Data/Managed'
Mono path[1] = 'C:/Program Files/Unity/Hub/Editor/6000.1.10f1/Editor/Data/MonoBleedingEdge/lib/mono/unityjit-win32'
Mono config path = 'C:/Program Files/Unity/Hub/Editor/6000.1.10f1/Editor/Data/MonoBleedingEdge/etc'
Using monoOptions --debugger-agent=transport=dt_socket,embedding=1,server=y,suspend=n,address=127.0.0.1:56088
Begin MonoManager ReloadAssembly
Registering precompiled unity dll's ...
Register platform support module: C:/Program Files/Unity/Hub/Editor/6000.1.10f1/Editor/Data/PlaybackEngines/WebGLSupport/UnityEditor.WebGL.Extensions.dll
Register platform support module: C:/Program Files/Unity/Hub/Editor/6000.1.10f1/Editor/Data/PlaybackEngines/WindowsStandaloneSupport/UnityEditor.WindowsStandalone.Extensions.dll
Register platform support module: C:/Program Files/Unity/Hub/Editor/6000.1.10f1/Editor/Data/PlaybackEngines/AndroidPlayer/UnityEditor.Android.Extensions.dll
Registered in 0.006557 seconds.
- Loaded All Assemblies, in  0.725 seconds
Native extension for Android target not found
Android Extension - Scanning For ADB Devices 398 ms
Native extension for WindowsStandalone target not found
Native extension for WebGL target not found
Mono: successfully reloaded assembly
- Finished resetting the current domain, in  0.878 seconds
Domain Reload Profiling: 1595ms
	BeginReloadAssembly (281ms)
		ExecutionOrderSort (0ms)
		DisableScriptedObjects (0ms)
		BackupInstance (0ms)
		ReleaseScriptingObjects (0ms)
		CreateAndSetChildDomain (2ms)
	RebuildCommonClasses (74ms)
	RebuildNativeTypeToScriptingClass (25ms)
	initialDomainReloadingComplete (100ms)
	LoadAllAssembliesAndSetupDomain (236ms)
		LoadAssemblies (273ms)
		RebuildTransferFunctionScriptingTraits (0ms)
		AnalyzeDomain (228ms)
			TypeCache.Refresh (226ms)
				TypeCache.ScanAssembly (208ms)
			BuildScriptInfoCaches (0ms)
			ResolveRequiredComponents (1ms)
	FinalizeReload (879ms)
		ReleaseScriptCaches (0ms)
		RebuildScriptCaches (0ms)
		SetupLoadedEditorAssemblies (826ms)
			LogAssemblyErrors (0ms)
			InitializePlatformSupportModulesInManaged (531ms)
			SetLoadedEditorAssemblies (4ms)
			BeforeProcessingInitializeOnLoad (74ms)
			ProcessInitializeOnLoadAttributes (144ms)
			ProcessInitializeOnLoadMethodAttributes (73ms)
			AfterProcessingInitializeOnLoad (0ms)
			EditorAssembliesLoaded (0ms)
		ExecutionOrderSort2 (0ms)
		AwakeInstancesAfterBackupRestoration (0ms)
========================================================================
Worker process is ready to serve import requests
Import Worker Mode flag is 0x00
Begin MonoManager ReloadAssembly
- Loaded All Assemblies, in  1.207 seconds
Refreshing native plugins compatible for Editor in 1.68 ms, found 3 plugins.
Native extension for Android target not found
Native extension for WindowsStandalone target not found
Native extension for WebGL target not found
Mono: successfully reloaded assembly
- Finished resetting the current domain, in  1.042 seconds
Domain Reload Profiling: 2238ms
	BeginReloadAssembly (322ms)
		ExecutionOrderSort (0ms)
		DisableScriptedObjects (29ms)
		BackupInstance (0ms)
		ReleaseScriptingObjects (0ms)
		CreateAndSetChildDomain (46ms)
	RebuildCommonClasses (46ms)
	RebuildNativeTypeToScriptingClass (16ms)
	initialDomainReloadingComplete (58ms)
	LoadAllAssembliesAndSetupDomain (754ms)
		LoadAssemblies (527ms)
		RebuildTransferFunctionScriptingTraits (0ms)
		AnalyzeDomain (359ms)
			TypeCache.Refresh (263ms)
				TypeCache.ScanAssembly (238ms)
			BuildScriptInfoCaches (75ms)
			ResolveRequiredComponents (16ms)
	FinalizeReload (1043ms)
		ReleaseScriptCaches (0ms)
		RebuildScriptCaches (0ms)
		SetupLoadedEditorAssemblies (741ms)
			LogAssemblyErrors (0ms)
			InitializePlatformSupportModulesInManaged (14ms)
			SetLoadedEditorAssemblies (6ms)
			BeforeProcessingInitializeOnLoad (183ms)
			ProcessInitializeOnLoadAttributes (462ms)
			ProcessInitializeOnLoadMethodAttributes (64ms)
			AfterProcessingInitializeOnLoad (11ms)
			EditorAssembliesLoaded (0ms)
		ExecutionOrderSort2 (0ms)
		AwakeInstancesAfterBackupRestoration (27ms)
Launched and connected shader compiler UnityShaderCompiler.exe after 0.02 seconds
Refreshing native plugins compatible for Editor in 1.80 ms, found 3 plugins.
Preloading 0 native plugins for Editor in 0.00 ms.
Unloading 220 Unused Serialized files (Serialized files now loaded: 0)
Unloading 6024 unused Assets / (4.9 MB). Loaded Objects now: 6748.
Memory consumption went from 167.9 MB to 163.0 MB.
Total: 13.892400 ms (FindLiveObjects: 0.811600 ms CreateObjectMapping: 1.101000 ms MarkObjects: 9.082900 ms  DeleteObjects: 2.893800 ms)

========================================================================
Received Import Request.
  Time since last request: 136917.576901 seconds.
  path: Assets/Resources/Fantasy UI Borders/PNG/Default/Border/panel-border-001.png
  artifactKey: Guid(51e0f5a276a258b45b1265c8599f84c2) Importer(815301076,1909f56bfc062723c751e8b465ee728b)
Start importing Assets/Resources/Fantasy UI Borders/PNG/Default/Border/panel-border-001.png using Guid(51e0f5a276a258b45b1265c8599f84c2) Importer(815301076,1909f56bfc062723c751e8b465ee728b) (PreviewImporter) -> (artifact id: 'a950661405f8ae4eeb719550173601b8') in 0.1676481 seconds
Number of updated asset objects reloaded before import = 0Number of asset objects unloaded after import = 2

========================================================================
Received Import Request.
  Time since last request: 0.000021 seconds.
  path: Assets/Resources/Fantasy UI Borders/PNG/Default/Border/panel-border-006.png
  artifactKey: Guid(4d13ed770f32d354d9b6934545fe3b9a) Importer(815301076,1909f56bfc062723c751e8b465ee728b)
Start importing Assets/Resources/Fantasy UI Borders/PNG/Default/Border/panel-border-006.png using Guid(4d13ed770f32d354d9b6934545fe3b9a) Importer(815301076,1909f56bfc062723c751e8b465ee728b) (PreviewImporter) -> (artifact id: '89156ec16ec2fa29ae9694369e423a90') in 0.0290701 seconds
Number of updated asset objects reloaded before import = 0Number of asset objects unloaded after import = 2

========================================================================
Received Import Request.
  Time since last request: 0.000055 seconds.
  path: Assets/Resources/Fantasy UI Borders/PNG/Default/Border/panel-border-021.png
  artifactKey: Guid(025059d80c7117748a5fd96964995433) Importer(815301076,1909f56bfc062723c751e8b465ee728b)
Start importing Assets/Resources/Fantasy UI Borders/PNG/Default/Border/panel-border-021.png using Guid(025059d80c7117748a5fd96964995433) Importer(815301076,1909f56bfc062723c751e8b465ee728b) (PreviewImporter) -> (artifact id: 'e1af81eb33655da8b73b13ed25041216') in 0.0339736 seconds
Number of updated asset objects reloaded before import = 0Number of asset objects unloaded after import = 2

========================================================================
Received Import Request.
  Time since last request: 0.000052 seconds.
  path: Assets/Resources/Fantasy UI Borders/PNG/Default/Border/panel-border-009.png
  artifactKey: Guid(011ddbbfa1a8fe84abd7734f858bae84) Importer(815301076,1909f56bfc062723c751e8b465ee728b)
Start importing Assets/Resources/Fantasy UI Borders/PNG/Default/Border/panel-border-009.png using Guid(011ddbbfa1a8fe84abd7734f858bae84) Importer(815301076,1909f56bfc062723c751e8b465ee728b) (PreviewImporter) -> (artifact id: 'bb4a7d9e0a82c8e52e8607d7e01374cb') in 0.0317231 seconds
Number of updated asset objects reloaded before import = 0Number of asset objects unloaded after import = 2

========================================================================
Received Import Request.
  Time since last request: 0.000087 seconds.
  path: Assets/Resources/Fantasy UI Borders/PNG/Default/Border/panel-border-005.png
  artifactKey: Guid(2ec3355f331c23549b84c0b50831d4a5) Importer(815301076,1909f56bfc062723c751e8b465ee728b)
Start importing Assets/Resources/Fantasy UI Borders/PNG/Default/Border/panel-border-005.png using Guid(2ec3355f331c23549b84c0b50831d4a5) Importer(815301076,1909f56bfc062723c751e8b465ee728b) (PreviewImporter) -> (artifact id: '5064aa83c8fd185344696c694039d196') in 0.0265714 seconds
Number of updated asset objects reloaded before import = 0Number of asset objects unloaded after import = 2

========================================================================
Received Import Request.
  Time since last request: 0.000044 seconds.
  path: Assets/Resources/Fantasy UI Borders/PNG/Default/Border/panel-border-020.png
  artifactKey: Guid(e75ea8eb6171f6f458f9dc7302b9adb0) Importer(815301076,1909f56bfc062723c751e8b465ee728b)
Start importing Assets/Resources/Fantasy UI Borders/PNG/Default/Border/panel-border-020.png using Guid(e75ea8eb6171f6f458f9dc7302b9adb0) Importer(815301076,1909f56bfc062723c751e8b465ee728b) (PreviewImporter) -> (artifact id: 'ce448a28e2250bf15e15b236fcf22694') in 0.0255984 seconds
Number of updated asset objects reloaded before import = 0Number of asset objects unloaded after import = 2

========================================================================
Received Import Request.
  Time since last request: 0.000023 seconds.
  path: Assets/Resources/Fantasy UI Borders/PNG/Default/Border/panel-border-018.png
  artifactKey: Guid(89457795efe147c438138a048aa5616d) Importer(815301076,1909f56bfc062723c751e8b465ee728b)
Start importing Assets/Resources/Fantasy UI Borders/PNG/Default/Border/panel-border-018.png using Guid(89457795efe147c438138a048aa5616d) Importer(815301076,1909f56bfc062723c751e8b465ee728b) (PreviewImporter) -> (artifact id: '3d7308a9b88fee8d20c8b4725162be34') in 0.032264 seconds
Number of updated asset objects reloaded before import = 0Number of asset objects unloaded after import = 2

========================================================================
Received Import Request.
  Time since last request: 0.000047 seconds.
  path: Assets/Resources/Fantasy UI Borders/PNG/Default/Border/panel-border-023.png
  artifactKey: Guid(5081053dbc3caa744bec5781ef4ad447) Importer(815301076,1909f56bfc062723c751e8b465ee728b)
Start importing Assets/Resources/Fantasy UI Borders/PNG/Default/Border/panel-border-023.png using Guid(5081053dbc3caa744bec5781ef4ad447) Importer(815301076,1909f56bfc062723c751e8b465ee728b) (PreviewImporter) -> (artifact id: '7099b09cc20f69bc30540f16f0a896d7') in 0.0343773 seconds
Number of updated asset objects reloaded before import = 0Number of asset objects unloaded after import = 2

========================================================================
Received Import Request.
  Time since last request: 0.000054 seconds.
  path: Assets/Resources/Fantasy UI Borders/PNG/Default/Border/panel-border-007.png
  artifactKey: Guid(e6fb62720e169ed4bbe991c9159d441d) Importer(815301076,1909f56bfc062723c751e8b465ee728b)
Start importing Assets/Resources/Fantasy UI Borders/PNG/Default/Border/panel-border-007.png using Guid(e6fb62720e169ed4bbe991c9159d441d) Importer(815301076,1909f56bfc062723c751e8b465ee728b) (PreviewImporter) -> (artifact id: '1f0955ab067cad0db29862963d4137e8') in 0.0264192 seconds
Number of updated asset objects reloaded before import = 0Number of asset objects unloaded after import = 2

========================================================================
Received Import Request.
  Time since last request: 0.000029 seconds.
  path: Assets/Resources/Fantasy UI Borders/PNG/Default/Border/panel-border-024.png
  artifactKey: Guid(b84a3280bd141e74793e8d597ec95526) Importer(815301076,1909f56bfc062723c751e8b465ee728b)
Start importing Assets/Resources/Fantasy UI Borders/PNG/Default/Border/panel-border-024.png using Guid(b84a3280bd141e74793e8d597ec95526) Importer(815301076,1909f56bfc062723c751e8b465ee728b) (PreviewImporter) -> (artifact id: '98e6e130b8f3671b88e8c34ed161a697') in 0.0257466 seconds
Number of updated asset objects reloaded before import = 0Number of asset objects unloaded after import = 2

========================================================================
Received Import Request.
  Time since last request: 0.000035 seconds.
  path: Assets/Resources/Fantasy UI Borders/PNG/Default/Border/panel-border-008.png
  artifactKey: Guid(5b06b551e00873c48a189f07feb04c46) Importer(815301076,1909f56bfc062723c751e8b465ee728b)
Start importing Assets/Resources/Fantasy UI Borders/PNG/Default/Border/panel-border-008.png using Guid(5b06b551e00873c48a189f07feb04c46) Importer(815301076,1909f56bfc062723c751e8b465ee728b) (PreviewImporter) -> (artifact id: 'e4f6e16a4da4385548e85a847fac2fe4') in 0.0155127 seconds
Number of updated asset objects reloaded before import = 0Number of asset objects unloaded after import = 2

========================================================================
Received Import Request.
  Time since last request: 0.000056 seconds.
  path: Assets/Resources/Fantasy UI Borders/PNG/Default/Border/panel-border-015.png
  artifactKey: Guid(be65fbd5df4a66344b593f70e358005f) Importer(815301076,1909f56bfc062723c751e8b465ee728b)
Start importing Assets/Resources/Fantasy UI Borders/PNG/Default/Border/panel-border-015.png using Guid(be65fbd5df4a66344b593f70e358005f) Importer(815301076,1909f56bfc062723c751e8b465ee728b) (PreviewImporter) -> (artifact id: '4bf4dbcd6e46880c735b62a86af0dd0c') in 0.0265782 seconds
Number of updated asset objects reloaded before import = 0Number of asset objects unloaded after import = 2

========================================================================
Received Import Request.
  Time since last request: 0.000028 seconds.
  path: Assets/Resources/Fantasy UI Borders/PNG/Default/Border/panel-border-013.png
  artifactKey: Guid(0b6f232d25bbcb14a9e3c078dee93ca4) Importer(815301076,1909f56bfc062723c751e8b465ee728b)
Start importing Assets/Resources/Fantasy UI Borders/PNG/Default/Border/panel-border-013.png using Guid(0b6f232d25bbcb14a9e3c078dee93ca4) Importer(815301076,1909f56bfc062723c751e8b465ee728b) (PreviewImporter) -> (artifact id: '39144b1c0710716f83e0921d00f0936b') in 0.0308716 seconds
Number of updated asset objects reloaded before import = 0Number of asset objects unloaded after import = 2

========================================================================
Received Import Request.
  Time since last request: 0.000038 seconds.
  path: Assets/Resources/Fantasy UI Borders/PNG/Default/Border/panel-border-027.png
  artifactKey: Guid(fed183a866aa7c04ba10bc8cc24a15d0) Importer(815301076,1909f56bfc062723c751e8b465ee728b)
Start importing Assets/Resources/Fantasy UI Borders/PNG/Default/Border/panel-border-027.png using Guid(fed183a866aa7c04ba10bc8cc24a15d0) Importer(815301076,1909f56bfc062723c751e8b465ee728b) (PreviewImporter) -> (artifact id: '9a468a6402f1bd26e23330c00b6c03c8') in 0.0276531 seconds
Number of updated asset objects reloaded before import = 0Number of asset objects unloaded after import = 2

========================================================================
Received Import Request.
  Time since last request: 0.000050 seconds.
  path: Assets/Resources/Fantasy UI Borders/PNG/Default/Border/panel-border-004.png
  artifactKey: Guid(f5c4c6af723012046a8c719dae3cf656) Importer(815301076,1909f56bfc062723c751e8b465ee728b)
Start importing Assets/Resources/Fantasy UI Borders/PNG/Default/Border/panel-border-004.png using Guid(f5c4c6af723012046a8c719dae3cf656) Importer(815301076,1909f56bfc062723c751e8b465ee728b) (PreviewImporter) -> (artifact id: '9a1ac95f2b85e46c2d3f4b4dda3c430e') in 0.0481038 seconds
Number of updated asset objects reloaded before import = 0Number of asset objects unloaded after import = 2

========================================================================
Received Import Request.
  Time since last request: 0.000021 seconds.
  path: Assets/Resources/Fantasy UI Borders/PNG/Default/Border/panel-border-017.png
  artifactKey: Guid(3aaf967629955d141bf6220e6b090aef) Importer(815301076,1909f56bfc062723c751e8b465ee728b)
Start importing Assets/Resources/Fantasy UI Borders/PNG/Default/Border/panel-border-017.png using Guid(3aaf967629955d141bf6220e6b090aef) Importer(815301076,1909f56bfc062723c751e8b465ee728b) (PreviewImporter) -> (artifact id: 'df17ab2b5633f4d0b0cb6d2aaf97f64d') in 0.0204625 seconds
Number of updated asset objects reloaded before import = 0Number of asset objects unloaded after import = 2

========================================================================
Received Import Request.
  Time since last request: 56.007806 seconds.
  path: Assets/Resources/Fantasy UI Borders/PNG/Default/Border/panel-border-002.png
  artifactKey: Guid(9962941d563ce2a45af55f64fda7576a) Importer(815301076,1909f56bfc062723c751e8b465ee728b)
Start importing Assets/Resources/Fantasy UI Borders/PNG/Default/Border/panel-border-002.png using Guid(9962941d563ce2a45af55f64fda7576a) Importer(815301076,1909f56bfc062723c751e8b465ee728b) (PreviewImporter) -> (artifact id: 'fa1923a8ee2ee90b0f42d1afa997cc35') in 0.0683111 seconds
Number of updated asset objects reloaded before import = 0Number of asset objects unloaded after import = 3

========================================================================
Received Import Request.
  Time since last request: 0.000029 seconds.
  path: Assets/Resources/Fantasy UI Borders/PNG/Default/Border/panel-border-006.png
  artifactKey: Guid(4d13ed770f32d354d9b6934545fe3b9a) Importer(815301076,1909f56bfc062723c751e8b465ee728b)
Start importing Assets/Resources/Fantasy UI Borders/PNG/Default/Border/panel-border-006.png using Guid(4d13ed770f32d354d9b6934545fe3b9a) Importer(815301076,1909f56bfc062723c751e8b465ee728b) (PreviewImporter) -> (artifact id: '80716728e7713257b5a6a2d853db01ea') in 0.0527575 seconds
Number of updated asset objects reloaded before import = 0Number of asset objects unloaded after import = 3

========================================================================
Received Import Request.
  Time since last request: 0.000035 seconds.
  path: Assets/Resources/Fantasy UI Borders/PNG/Default/Border/panel-border-019.png
  artifactKey: Guid(2b11633cc6e4b4b4787758a2348394b2) Importer(815301076,1909f56bfc062723c751e8b465ee728b)
Start importing Assets/Resources/Fantasy UI Borders/PNG/Default/Border/panel-border-019.png using Guid(2b11633cc6e4b4b4787758a2348394b2) Importer(815301076,1909f56bfc062723c751e8b465ee728b) (PreviewImporter) -> (artifact id: '6296ad4e1fe0aeec9b16bd22b8c16e2e') in 0.0274334 seconds
Number of updated asset objects reloaded before import = 0Number of asset objects unloaded after import = 3

========================================================================
Received Import Request.
  Time since last request: 0.000026 seconds.
  path: Assets/Resources/Fantasy UI Borders/PNG/Default/Border/panel-border-005.png
  artifactKey: Guid(2ec3355f331c23549b84c0b50831d4a5) Importer(815301076,1909f56bfc062723c751e8b465ee728b)
Start importing Assets/Resources/Fantasy UI Borders/PNG/Default/Border/panel-border-005.png using Guid(2ec3355f331c23549b84c0b50831d4a5) Importer(815301076,1909f56bfc062723c751e8b465ee728b) (PreviewImporter) -> (artifact id: '8135b965629027f82fe55f7c311ea031') in 0.032424 seconds
Number of updated asset objects reloaded before import = 0Number of asset objects unloaded after import = 3

========================================================================
Received Import Request.
  Time since last request: 0.000025 seconds.
  path: Assets/Resources/Fantasy UI Borders/PNG/Default/Border/panel-border-011.png
  artifactKey: Guid(80108a43883e3984cac028d4fb2a4798) Importer(815301076,1909f56bfc062723c751e8b465ee728b)
Start importing Assets/Resources/Fantasy UI Borders/PNG/Default/Border/panel-border-011.png using Guid(80108a43883e3984cac028d4fb2a4798) Importer(815301076,1909f56bfc062723c751e8b465ee728b) (PreviewImporter) -> (artifact id: '914e62479a8a781b28b6c974a70b32b1') in 0.0258132 seconds
Number of updated asset objects reloaded before import = 0Number of asset objects unloaded after import = 3

========================================================================
Received Import Request.
  Time since last request: 0.000029 seconds.
  path: Assets/Resources/Fantasy UI Borders/PNG/Default/Border/panel-border-023.png
  artifactKey: Guid(5081053dbc3caa744bec5781ef4ad447) Importer(815301076,1909f56bfc062723c751e8b465ee728b)
Start importing Assets/Resources/Fantasy UI Borders/PNG/Default/Border/panel-border-023.png using Guid(5081053dbc3caa744bec5781ef4ad447) Importer(815301076,1909f56bfc062723c751e8b465ee728b) (PreviewImporter) -> (artifact id: 'd5f16b9b5dcdfb72971ec44c0c01f427') in 0.0270494 seconds
Number of updated asset objects reloaded before import = 0Number of asset objects unloaded after import = 3

========================================================================
Received Import Request.
  Time since last request: 0.000060 seconds.
  path: Assets/Resources/Fantasy UI Borders/PNG/Default/Border/panel-border-025.png
  artifactKey: Guid(89713222ba94c3b4aa77dc7f81387942) Importer(815301076,1909f56bfc062723c751e8b465ee728b)
Start importing Assets/Resources/Fantasy UI Borders/PNG/Default/Border/panel-border-025.png using Guid(89713222ba94c3b4aa77dc7f81387942) Importer(815301076,1909f56bfc062723c751e8b465ee728b) (PreviewImporter) -> (artifact id: 'a161fd0a5ed2ea40113273e92f148126') in 0.0405859 seconds
Number of updated asset objects reloaded before import = 0Number of asset objects unloaded after import = 3

========================================================================
Received Import Request.
  Time since last request: 0.000026 seconds.
  path: Assets/Resources/Fantasy UI Borders/PNG/Default/Border/panel-border-008.png
  artifactKey: Guid(5b06b551e00873c48a189f07feb04c46) Importer(815301076,1909f56bfc062723c751e8b465ee728b)
Start importing Assets/Resources/Fantasy UI Borders/PNG/Default/Border/panel-border-008.png using Guid(5b06b551e00873c48a189f07feb04c46) Importer(815301076,1909f56bfc062723c751e8b465ee728b) (PreviewImporter) -> (artifact id: '47fb83aeda3ba73817894456be592caf') in 0.0130275 seconds
Number of updated asset objects reloaded before import = 0Number of asset objects unloaded after import = 3

========================================================================
Received Import Request.
  Time since last request: 0.000030 seconds.
  path: Assets/Resources/Fantasy UI Borders/PNG/Default/Border/panel-border-013.png
  artifactKey: Guid(0b6f232d25bbcb14a9e3c078dee93ca4) Importer(815301076,1909f56bfc062723c751e8b465ee728b)
Start importing Assets/Resources/Fantasy UI Borders/PNG/Default/Border/panel-border-013.png using Guid(0b6f232d25bbcb14a9e3c078dee93ca4) Importer(815301076,1909f56bfc062723c751e8b465ee728b) (PreviewImporter) -> (artifact id: '1e6dad902f4218e85dfafd4a4f6a6903') in 0.0233365 seconds
Number of updated asset objects reloaded before import = 0Number of asset objects unloaded after import = 3

========================================================================
Received Import Request.
  Time since last request: 0.000020 seconds.
  path: Assets/Resources/Fantasy UI Borders/PNG/Default/Border/panel-border-029.png
  artifactKey: Guid(22938ff747bfae6478825401e9d58fd2) Importer(815301076,1909f56bfc062723c751e8b465ee728b)
Start importing Assets/Resources/Fantasy UI Borders/PNG/Default/Border/panel-border-029.png using Guid(22938ff747bfae6478825401e9d58fd2) Importer(815301076,1909f56bfc062723c751e8b465ee728b) (PreviewImporter) -> (artifact id: '60917d692d75b348c62e2f80fc8c0583') in 0.0307153 seconds
Number of updated asset objects reloaded before import = 0Number of asset objects unloaded after import = 3

========================================================================
Received Import Request.
  Time since last request: 0.000020 seconds.
  path: Assets/Resources/Fantasy UI Borders/PNG/Default/Border/panel-border-017.png
  artifactKey: Guid(3aaf967629955d141bf6220e6b090aef) Importer(815301076,1909f56bfc062723c751e8b465ee728b)
Start importing Assets/Resources/Fantasy UI Borders/PNG/Default/Border/panel-border-017.png using Guid(3aaf967629955d141bf6220e6b090aef) Importer(815301076,1909f56bfc062723c751e8b465ee728b) (PreviewImporter) -> (artifact id: 'b7a226e84922d08b5c7402d8b41cc4d7') in 0.0250013 seconds
Number of updated asset objects reloaded before import = 0Number of asset objects unloaded after import = 3

========================================================================
Received Import Request.
  Time since last request: 22.931030 seconds.
  path: Assets/Resources/Fantasy UI Borders/PNG/Default/Divider/divider-002.png
  artifactKey: Guid(36607a05f30fe704d8f180e18379058d) Importer(815301076,1909f56bfc062723c751e8b465ee728b)
Start importing Assets/Resources/Fantasy UI Borders/PNG/Default/Divider/divider-002.png using Guid(36607a05f30fe704d8f180e18379058d) Importer(815301076,1909f56bfc062723c751e8b465ee728b) (PreviewImporter) -> (artifact id: 'b56532b00378673c33fdc9d6826eff9b') in 0.0383708 seconds
Number of updated asset objects reloaded before import = 0Number of asset objects unloaded after import = 2

========================================================================
Received Import Request.
  Time since last request: 0.000019 seconds.
  path: Assets/Resources/Fantasy UI Borders/PNG/Default/Divider/divider-003.png
  artifactKey: Guid(263ebf995dae7794780b8bdcd9bf51a5) Importer(815301076,1909f56bfc062723c751e8b465ee728b)
Start importing Assets/Resources/Fantasy UI Borders/PNG/Default/Divider/divider-003.png using Guid(263ebf995dae7794780b8bdcd9bf51a5) Importer(815301076,1909f56bfc062723c751e8b465ee728b) (PreviewImporter) -> (artifact id: 'a76f58c04956de4143e4e9d20bc27d6f') in 0.0412314 seconds
Number of updated asset objects reloaded before import = 0Number of asset objects unloaded after import = 2

========================================================================
Received Import Request.
  Time since last request: 2.874452 seconds.
  path: Assets/Resources/Fantasy UI Borders/PNG/Default/Divider Fade/divider-fade-002.png
  artifactKey: Guid(a94cb54c1ebb8a7478990357ab04fdf7) Importer(815301076,1909f56bfc062723c751e8b465ee728b)
Start importing Assets/Resources/Fantasy UI Borders/PNG/Default/Divider Fade/divider-fade-002.png using Guid(a94cb54c1ebb8a7478990357ab04fdf7) Importer(815301076,1909f56bfc062723c751e8b465ee728b) (PreviewImporter) -> (artifact id: 'a73d0af16139c7a65cbf81646e7245be') in 0.0317662 seconds
Number of updated asset objects reloaded before import = 0Number of asset objects unloaded after import = 2

========================================================================
Received Import Request.
  Time since last request: 0.000017 seconds.
  path: Assets/Resources/Fantasy UI Borders/PNG/Default/Divider Fade/divider-fade-004.png
  artifactKey: Guid(957b72735b6004c4eb83cae7e6e05924) Importer(815301076,1909f56bfc062723c751e8b465ee728b)
Start importing Assets/Resources/Fantasy UI Borders/PNG/Default/Divider Fade/divider-fade-004.png using Guid(957b72735b6004c4eb83cae7e6e05924) Importer(815301076,1909f56bfc062723c751e8b465ee728b) (PreviewImporter) -> (artifact id: '6a3cbb0bcfc7cdaaa4f2bc8e27aca20c') in 0.0271508 seconds
Number of updated asset objects reloaded before import = 0Number of asset objects unloaded after import = 2

========================================================================
Received Import Request.
  Time since last request: 18.066242 seconds.
  path: Assets/Resources/Fantasy UI Borders/PNG/Default/Panel/panel-002.png
  artifactKey: Guid(c042e56e993409549ade7f827f2ad78c) Importer(815301076,1909f56bfc062723c751e8b465ee728b)
Start importing Assets/Resources/Fantasy UI Borders/PNG/Default/Panel/panel-002.png using Guid(c042e56e993409549ade7f827f2ad78c) Importer(815301076,1909f56bfc062723c751e8b465ee728b) (PreviewImporter) -> (artifact id: 'f9035ba4a59a41513a287d1271cddbc0') in 0.0378297 seconds
Number of updated asset objects reloaded before import = 0Number of asset objects unloaded after import = 3

========================================================================
Received Import Request.
  Time since last request: 0.000019 seconds.
  path: Assets/Resources/Fantasy UI Borders/PNG/Default/Panel/panel-010.png
  artifactKey: Guid(60c58f18798299b439ca01422bdf827f) Importer(815301076,1909f56bfc062723c751e8b465ee728b)
Start importing Assets/Resources/Fantasy UI Borders/PNG/Default/Panel/panel-010.png using Guid(60c58f18798299b439ca01422bdf827f) Importer(815301076,1909f56bfc062723c751e8b465ee728b) (PreviewImporter) -> (artifact id: 'b46ed694405119469da5866fdee2ceab') in 0.0278785 seconds
Number of updated asset objects reloaded before import = 0Number of asset objects unloaded after import = 3

========================================================================
Received Import Request.
  Time since last request: 0.000028 seconds.
  path: Assets/Resources/Fantasy UI Borders/PNG/Default/Panel/panel-005.png
  artifactKey: Guid(64ea77a1c38e11944b96fcae38afbe3d) Importer(815301076,1909f56bfc062723c751e8b465ee728b)
Start importing Assets/Resources/Fantasy UI Borders/PNG/Default/Panel/panel-005.png using Guid(64ea77a1c38e11944b96fcae38afbe3d) Importer(815301076,1909f56bfc062723c751e8b465ee728b) (PreviewImporter) -> (artifact id: 'dc094b2345786a89ed27674bb083eed5') in 0.0407312 seconds
Number of updated asset objects reloaded before import = 0Number of asset objects unloaded after import = 3

========================================================================
Received Import Request.
  Time since last request: 0.000019 seconds.
  path: Assets/Resources/Fantasy UI Borders/PNG/Default/Panel/panel-022.png
  artifactKey: Guid(137e61408defcd34da728e70d8295b9e) Importer(815301076,1909f56bfc062723c751e8b465ee728b)
Start importing Assets/Resources/Fantasy UI Borders/PNG/Default/Panel/panel-022.png using Guid(137e61408defcd34da728e70d8295b9e) Importer(815301076,1909f56bfc062723c751e8b465ee728b) (PreviewImporter) -> (artifact id: '630db6120725af161172dc8e3087ea7c') in 0.0252021 seconds
Number of updated asset objects reloaded before import = 0Number of asset objects unloaded after import = 3

========================================================================
Received Import Request.
  Time since last request: 0.000022 seconds.
  path: Assets/Resources/Fantasy UI Borders/PNG/Default/Panel/panel-017.png
  artifactKey: Guid(d66b2482d30cd73458cb1e5b6bfcd418) Importer(815301076,1909f56bfc062723c751e8b465ee728b)
Start importing Assets/Resources/Fantasy UI Borders/PNG/Default/Panel/panel-017.png using Guid(d66b2482d30cd73458cb1e5b6bfcd418) Importer(815301076,1909f56bfc062723c751e8b465ee728b) (PreviewImporter) -> (artifact id: '630ab27fca08415c3754cd8609f65116') in 0.0327947 seconds
Number of updated asset objects reloaded before import = 0Number of asset objects unloaded after import = 3

========================================================================
Received Import Request.
  Time since last request: 0.000030 seconds.
  path: Assets/Resources/Fantasy UI Borders/PNG/Default/Panel/panel-018.png
  artifactKey: Guid(75c2eac93c36c674c80fd1d96be722fa) Importer(815301076,1909f56bfc062723c751e8b465ee728b)
Start importing Assets/Resources/Fantasy UI Borders/PNG/Default/Panel/panel-018.png using Guid(75c2eac93c36c674c80fd1d96be722fa) Importer(815301076,1909f56bfc062723c751e8b465ee728b) (PreviewImporter) -> (artifact id: '333d8d1bf69b200d1db54dfc7d24bc08') in 0.0398896 seconds
Number of updated asset objects reloaded before import = 0Number of asset objects unloaded after import = 3

========================================================================
Received Import Request.
  Time since last request: 0.000030 seconds.
  path: Assets/Resources/Fantasy UI Borders/PNG/Default/Panel/panel-009.png
  artifactKey: Guid(5f541312c64382440933d2bbc6a85be0) Importer(815301076,1909f56bfc062723c751e8b465ee728b)
Start importing Assets/Resources/Fantasy UI Borders/PNG/Default/Panel/panel-009.png using Guid(5f541312c64382440933d2bbc6a85be0) Importer(815301076,1909f56bfc062723c751e8b465ee728b) (PreviewImporter) -> (artifact id: 'c23de7e3c0b273f863abdb7eeb969f9b') in 0.0232813 seconds
Number of updated asset objects reloaded before import = 0Number of asset objects unloaded after import = 3

========================================================================
Received Import Request.
  Time since last request: 0.000024 seconds.
  path: Assets/Resources/Fantasy UI Borders/PNG/Default/Panel/panel-031.png
  artifactKey: Guid(432c5a595c07b7040af22647b8d676c4) Importer(815301076,1909f56bfc062723c751e8b465ee728b)
Start importing Assets/Resources/Fantasy UI Borders/PNG/Default/Panel/panel-031.png using Guid(432c5a595c07b7040af22647b8d676c4) Importer(815301076,1909f56bfc062723c751e8b465ee728b) (PreviewImporter) -> (artifact id: '7ddbb351e9178fda62197cb2e0867b54') in 0.0273296 seconds
Number of updated asset objects reloaded before import = 0Number of asset objects unloaded after import = 3

========================================================================
Received Import Request.
  Time since last request: 0.000040 seconds.
  path: Assets/Resources/Fantasy UI Borders/PNG/Default/Panel/panel-016.png
  artifactKey: Guid(4ebda2a8ac647ba4d97fba6f6869bb12) Importer(815301076,1909f56bfc062723c751e8b465ee728b)
Start importing Assets/Resources/Fantasy UI Borders/PNG/Default/Panel/panel-016.png using Guid(4ebda2a8ac647ba4d97fba6f6869bb12) Importer(815301076,1909f56bfc062723c751e8b465ee728b) (PreviewImporter) -> (artifact id: '865280e13fb0eabcef1eff104414a3b5') in 0.0185501 seconds
Number of updated asset objects reloaded before import = 0Number of asset objects unloaded after import = 3

========================================================================
Received Import Request.
  Time since last request: 0.000018 seconds.
  path: Assets/Resources/Fantasy UI Borders/PNG/Default/Panel/panel-015.png
  artifactKey: Guid(c4aea34a982c08c4e80edba91f6891b1) Importer(815301076,1909f56bfc062723c751e8b465ee728b)
Start importing Assets/Resources/Fantasy UI Borders/PNG/Default/Panel/panel-015.png using Guid(c4aea34a982c08c4e80edba91f6891b1) Importer(815301076,1909f56bfc062723c751e8b465ee728b) (PreviewImporter) -> (artifact id: '9a7bbe8be5b510f287f9e8fc7ce306bd') in 0.034302 seconds
Number of updated asset objects reloaded before import = 0Number of asset objects unloaded after import = 3

========================================================================
Received Import Request.
  Time since last request: 0.000018 seconds.
  path: Assets/Resources/Fantasy UI Borders/PNG/Default/Panel/panel-021.png
  artifactKey: Guid(f56f7907fc05add46b2444e74706fac6) Importer(815301076,1909f56bfc062723c751e8b465ee728b)
Start importing Assets/Resources/Fantasy UI Borders/PNG/Default/Panel/panel-021.png using Guid(f56f7907fc05add46b2444e74706fac6) Importer(815301076,1909f56bfc062723c751e8b465ee728b) (PreviewImporter) -> (artifact id: '593928184756a22c4a0a9384000566cb') in 0.0259244 seconds
Number of updated asset objects reloaded before import = 0Number of asset objects unloaded after import = 3

========================================================================
Received Import Request.
  Time since last request: 275.823416 seconds.
  path: Assets/Resources/Fantasy UI/ArrowButtonDownHovered.png
  artifactKey: Guid(c6bcd6a953b56594d8dbbdda46bb0420) Importer(815301076,1909f56bfc062723c751e8b465ee728b)
Start importing Assets/Resources/Fantasy UI/ArrowButtonDownHovered.png using Guid(c6bcd6a953b56594d8dbbdda46bb0420) Importer(815301076,1909f56bfc062723c751e8b465ee728b) (PreviewImporter) -> (artifact id: '198fc3335634ccd50a2359f27f83f254') in 0.0340686 seconds
Number of updated asset objects reloaded before import = 0Number of asset objects unloaded after import = 2

========================================================================
Received Import Request.
  Time since last request: 0.000035 seconds.
  path: Assets/Resources/Fantasy UI/fancyButtonReady.png
  artifactKey: Guid(86711e4ea3dba594fa5e08dbc12baefc) Importer(815301076,1909f56bfc062723c751e8b465ee728b)
Start importing Assets/Resources/Fantasy UI/fancyButtonReady.png using Guid(86711e4ea3dba594fa5e08dbc12baefc) Importer(815301076,1909f56bfc062723c751e8b465ee728b) (PreviewImporter) -> (artifact id: 'ae5e6fc9bc3d844468547a32f78d2068') in 0.0312793 seconds
Number of updated asset objects reloaded before import = 0Number of asset objects unloaded after import = 2

========================================================================
Received Import Request.
  Time since last request: 0.000043 seconds.
  path: Assets/Resources/Fantasy UI/healthAngular.png
  artifactKey: Guid(4c50c1b6c4afaeb43b87d2587f4b0cbf) Importer(815301076,1909f56bfc062723c751e8b465ee728b)
Start importing Assets/Resources/Fantasy UI/healthAngular.png using Guid(4c50c1b6c4afaeb43b87d2587f4b0cbf) Importer(815301076,1909f56bfc062723c751e8b465ee728b) (PreviewImporter) -> (artifact id: 'a1ee9856beb009480825df90a33ee20b') in 0.0228597 seconds
Number of updated asset objects reloaded before import = 0Number of asset objects unloaded after import = 2

========================================================================
Received Import Request.
  Time since last request: 0.000066 seconds.
  path: Assets/Resources/Fantasy UI/targetingCursorBrassAndCrystal.png
  artifactKey: Guid(3067d58fe758285478cfe91636adc0a8) Importer(815301076,1909f56bfc062723c751e8b465ee728b)
Start importing Assets/Resources/Fantasy UI/targetingCursorBrassAndCrystal.png using Guid(3067d58fe758285478cfe91636adc0a8) Importer(815301076,1909f56bfc062723c751e8b465ee728b) (PreviewImporter) -> (artifact id: '336a309d94a55f02d8da5cd443d0ee89') in 0.0211205 seconds
Number of updated asset objects reloaded before import = 0Number of asset objects unloaded after import = 2

========================================================================
Received Import Request.
  Time since last request: 0.000015 seconds.
  path: Assets/Resources/Fantasy UI/radioButtonAngularOff.png
  artifactKey: Guid(06a7cea6650b6f54f891ef342c8935f0) Importer(815301076,1909f56bfc062723c751e8b465ee728b)
Start importing Assets/Resources/Fantasy UI/radioButtonAngularOff.png using Guid(06a7cea6650b6f54f891ef342c8935f0) Importer(815301076,1909f56bfc062723c751e8b465ee728b) (PreviewImporter) -> (artifact id: '62a90be16815a4c552d043ee0dd9a6da') in 0.0227817 seconds
Number of updated asset objects reloaded before import = 0Number of asset objects unloaded after import = 2

========================================================================
Received Import Request.
  Time since last request: 0.000018 seconds.
  path: Assets/Resources/Fantasy UI/stoneButtonInsetDisabled.png
  artifactKey: Guid(a60c68f30469bbb4d9d8a73d9d1de40c) Importer(815301076,1909f56bfc062723c751e8b465ee728b)
Start importing Assets/Resources/Fantasy UI/stoneButtonInsetDisabled.png using Guid(a60c68f30469bbb4d9d8a73d9d1de40c) Importer(815301076,1909f56bfc062723c751e8b465ee728b) (PreviewImporter) -> (artifact id: '324b46cd48d3bbd07f47ad8d3ff7d3a1') in 0.0232447 seconds
Number of updated asset objects reloaded before import = 0Number of asset objects unloaded after import = 2

========================================================================
Received Import Request.
  Time since last request: 0.000040 seconds.
  path: Assets/Resources/Fantasy UI/stoneButtonReady.png
  artifactKey: Guid(bb98905fb221636438d53aa53191d5ce) Importer(815301076,1909f56bfc062723c751e8b465ee728b)
Start importing Assets/Resources/Fantasy UI/stoneButtonReady.png using Guid(bb98905fb221636438d53aa53191d5ce) Importer(815301076,1909f56bfc062723c751e8b465ee728b) (PreviewImporter) -> (artifact id: 'd127ba600ecc5011cbda5d3db93cf4b1') in 0.0293767 seconds
Number of updated asset objects reloaded before import = 0Number of asset objects unloaded after import = 2

========================================================================
Received Import Request.
  Time since last request: 0.000017 seconds.
  path: Assets/Resources/Fantasy UI/ArrowButtonUpDisabled.png
  artifactKey: Guid(c6473d82d933cbd4e90ecedcf47b56c1) Importer(815301076,1909f56bfc062723c751e8b465ee728b)
Start importing Assets/Resources/Fantasy UI/ArrowButtonUpDisabled.png using Guid(c6473d82d933cbd4e90ecedcf47b56c1) Importer(815301076,1909f56bfc062723c751e8b465ee728b) (PreviewImporter) -> (artifact id: '8d78b3a9fe83c1c8511a4943e4d70d94') in 0.0231382 seconds
Number of updated asset objects reloaded before import = 0Number of asset objects unloaded after import = 2

========================================================================
Received Import Request.
  Time since last request: 0.000025 seconds.
  path: Assets/Resources/Fantasy UI/stoneTexture.png
  artifactKey: Guid(4fe638c7a1ae8c846b854e318e1baf06) Importer(815301076,1909f56bfc062723c751e8b465ee728b)
Start importing Assets/Resources/Fantasy UI/stoneTexture.png using Guid(4fe638c7a1ae8c846b854e318e1baf06) Importer(815301076,1909f56bfc062723c751e8b465ee728b) (PreviewImporter) -> (artifact id: 'b6c964cf3ff4b685984ee425391bc54a') in 0.0451935 seconds
Number of updated asset objects reloaded before import = 0Number of asset objects unloaded after import = 2

========================================================================
Received Import Request.
  Time since last request: 0.000066 seconds.
  path: Assets/Resources/Fantasy UI/stoneButtonVerticalDisabled.png
  artifactKey: Guid(634227ca326e9d744b52de72e296c820) Importer(815301076,1909f56bfc062723c751e8b465ee728b)
Start importing Assets/Resources/Fantasy UI/stoneButtonVerticalDisabled.png using Guid(634227ca326e9d744b52de72e296c820) Importer(815301076,1909f56bfc062723c751e8b465ee728b) (PreviewImporter) -> (artifact id: '213d60f4bf8caa6c10abf4549571a196') in 0.0354928 seconds
Number of updated asset objects reloaded before import = 0Number of asset objects unloaded after import = 2

========================================================================
Received Import Request.
  Time since last request: 0.000171 seconds.
  path: Assets/Resources/Fantasy UI/radioButtonRoundOff.png
  artifactKey: Guid(9d4d4f3fe733f034f8e07f311978c5ca) Importer(815301076,1909f56bfc062723c751e8b465ee728b)
Start importing Assets/Resources/Fantasy UI/radioButtonRoundOff.png using Guid(9d4d4f3fe733f034f8e07f311978c5ca) Importer(815301076,1909f56bfc062723c751e8b465ee728b) (PreviewImporter) -> (artifact id: 'bc8a3d81c9e6fffedd0cdbcced3ff905') in 0.0297392 seconds
Number of updated asset objects reloaded before import = 0Number of asset objects unloaded after import = 2

========================================================================
Received Import Request.
  Time since last request: 0.000038 seconds.
  path: Assets/Resources/Fantasy UI/targetingCursorCrystal.png
  artifactKey: Guid(2643836056a368a468f1bcbced08afac) Importer(815301076,1909f56bfc062723c751e8b465ee728b)
Start importing Assets/Resources/Fantasy UI/targetingCursorCrystal.png using Guid(2643836056a368a468f1bcbced08afac) Importer(815301076,1909f56bfc062723c751e8b465ee728b) (PreviewImporter) -> (artifact id: 'c1a4091a8f923a26d1c54eca0beebed1') in 0.0253392 seconds
Number of updated asset objects reloaded before import = 0Number of asset objects unloaded after import = 2

========================================================================
Received Import Request.
  Time since last request: 0.000076 seconds.
  path: Assets/Resources/Fantasy UI/ArrowButtonUpHovered.png
  artifactKey: Guid(9912754b0557a94469202341f0e3b3ef) Importer(815301076,1909f56bfc062723c751e8b465ee728b)
Start importing Assets/Resources/Fantasy UI/ArrowButtonUpHovered.png using Guid(9912754b0557a94469202341f0e3b3ef) Importer(815301076,1909f56bfc062723c751e8b465ee728b) (PreviewImporter) -> (artifact id: '7cdde1ae235cb94e7bbd90d8db89f9af') in 0.0371475 seconds
Number of updated asset objects reloaded before import = 0Number of asset objects unloaded after import = 2

========================================================================
Received Import Request.
  Time since last request: 0.000047 seconds.
  path: Assets/Resources/Fantasy UI/ArrowButtonUpReady.png
  artifactKey: Guid(916db07f4aeb44c4599f5dc566d60361) Importer(815301076,1909f56bfc062723c751e8b465ee728b)
Start importing Assets/Resources/Fantasy UI/ArrowButtonUpReady.png using Guid(916db07f4aeb44c4599f5dc566d60361) Importer(815301076,1909f56bfc062723c751e8b465ee728b) (PreviewImporter) -> (artifact id: '07e1dd2c153ce27195de7a5c3e1ec62f') in 0.0373937 seconds
Number of updated asset objects reloaded before import = 0Number of asset objects unloaded after import = 2

========================================================================
Received Import Request.
  Time since last request: 0.000025 seconds.
  path: Assets/Resources/Fantasy UI/stoneButtonVerticalReady.png
  artifactKey: Guid(971cf40cabfd3d1468aa12cb2d452cc4) Importer(815301076,1909f56bfc062723c751e8b465ee728b)
Start importing Assets/Resources/Fantasy UI/stoneButtonVerticalReady.png using Guid(971cf40cabfd3d1468aa12cb2d452cc4) Importer(815301076,1909f56bfc062723c751e8b465ee728b) (PreviewImporter) -> (artifact id: '398c1355a6caff65e10657560bd81b42') in 0.024869 seconds
Number of updated asset objects reloaded before import = 0Number of asset objects unloaded after import = 2

========================================================================
Received Import Request.
  Time since last request: 0.000035 seconds.
  path: Assets/Resources/Fantasy UI/fancyButtonDisabled.png
  artifactKey: Guid(8f8c3a27525315f4b80c0558b3556f72) Importer(815301076,1909f56bfc062723c751e8b465ee728b)
Start importing Assets/Resources/Fantasy UI/fancyButtonDisabled.png using Guid(8f8c3a27525315f4b80c0558b3556f72) Importer(815301076,1909f56bfc062723c751e8b465ee728b) (PreviewImporter) -> (artifact id: '326ebbf3b3efd4cb3d438cee8c8c5a56') in 0.0233122 seconds
Number of updated asset objects reloaded before import = 0Number of asset objects unloaded after import = 2

========================================================================
Received Import Request.
  Time since last request: 0.000037 seconds.
  path: Assets/Resources/Fantasy UI/fancyButtonPressed.png
  artifactKey: Guid(160340560180ad847bac3d3135209eac) Importer(815301076,1909f56bfc062723c751e8b465ee728b)
Start importing Assets/Resources/Fantasy UI/fancyButtonPressed.png using Guid(160340560180ad847bac3d3135209eac) Importer(815301076,1909f56bfc062723c751e8b465ee728b) (PreviewImporter) -> (artifact id: 'e163ebd87f277b5f6e138fc8470ef85a') in 0.0295998 seconds
Number of updated asset objects reloaded before import = 0Number of asset objects unloaded after import = 2

========================================================================
Received Import Request.
  Time since last request: 0.000029 seconds.
  path: Assets/Resources/Fantasy UI/stoneButtonHovered.png
  artifactKey: Guid(b87227555f3c60a4584310bdcea8b09e) Importer(815301076,1909f56bfc062723c751e8b465ee728b)
Start importing Assets/Resources/Fantasy UI/stoneButtonHovered.png using Guid(b87227555f3c60a4584310bdcea8b09e) Importer(815301076,1909f56bfc062723c751e8b465ee728b) (PreviewImporter) -> (artifact id: '49a5597a3f6936b0ed466424eff5f65f') in 0.0292728 seconds
Number of updated asset objects reloaded before import = 0Number of asset objects unloaded after import = 2

========================================================================
Received Import Request.
  Time since last request: 16.631872 seconds.
  path: Assets/Resources/Fantasy UI/ArrowButtonDownHovered.png
  artifactKey: Guid(c6bcd6a953b56594d8dbbdda46bb0420) Importer(815301076,1909f56bfc062723c751e8b465ee728b)
Start importing Assets/Resources/Fantasy UI/ArrowButtonDownHovered.png using Guid(c6bcd6a953b56594d8dbbdda46bb0420) Importer(815301076,1909f56bfc062723c751e8b465ee728b) (PreviewImporter) -> (artifact id: 'bfdd8894c5db3b8b8cb7c40b6a9fea29') in 0.0655071 seconds
Number of updated asset objects reloaded before import = 0Number of asset objects unloaded after import = 3

========================================================================
Received Import Request.
  Time since last request: 0.000026 seconds.
  path: Assets/Resources/Fantasy UI/fancyButtonReady.png
  artifactKey: Guid(86711e4ea3dba594fa5e08dbc12baefc) Importer(815301076,1909f56bfc062723c751e8b465ee728b)
Start importing Assets/Resources/Fantasy UI/fancyButtonReady.png using Guid(86711e4ea3dba594fa5e08dbc12baefc) Importer(815301076,1909f56bfc062723c751e8b465ee728b) (PreviewImporter) -> (artifact id: '55043c47cdff01e8321753cf743d07f0') in 0.0427472 seconds
Number of updated asset objects reloaded before import = 0Number of asset objects unloaded after import = 3

========================================================================
Received Import Request.
  Time since last request: 0.000026 seconds.
  path: Assets/Resources/Fantasy UI/healthAngular.png
  artifactKey: Guid(4c50c1b6c4afaeb43b87d2587f4b0cbf) Importer(815301076,1909f56bfc062723c751e8b465ee728b)
Start importing Assets/Resources/Fantasy UI/healthAngular.png using Guid(4c50c1b6c4afaeb43b87d2587f4b0cbf) Importer(815301076,1909f56bfc062723c751e8b465ee728b) (PreviewImporter) -> (artifact id: 'b1bb0ddd7d69f4ce299fbd8a1e3e4c8e') in 0.0306479 seconds
Number of updated asset objects reloaded before import = 0Number of asset objects unloaded after import = 3

========================================================================
Received Import Request.
  Time since last request: 0.000037 seconds.
  path: Assets/Resources/Fantasy UI/fancyButtonHovered.png
  artifactKey: Guid(b468badd45243fe49b1405d6258ee70e) Importer(815301076,1909f56bfc062723c751e8b465ee728b)
Start importing Assets/Resources/Fantasy UI/fancyButtonHovered.png using Guid(b468badd45243fe49b1405d6258ee70e) Importer(815301076,1909f56bfc062723c751e8b465ee728b) (PreviewImporter) -> (artifact id: '79aa0df7a8ae400c54c7e3ecb9be480c') in 0.030212 seconds
Number of updated asset objects reloaded before import = 0Number of asset objects unloaded after import = 3

========================================================================
Received Import Request.
  Time since last request: 0.000028 seconds.
  path: Assets/Resources/Fantasy UI/stoneButtonInsetDisabled.png
  artifactKey: Guid(a60c68f30469bbb4d9d8a73d9d1de40c) Importer(815301076,1909f56bfc062723c751e8b465ee728b)
Start importing Assets/Resources/Fantasy UI/stoneButtonInsetDisabled.png using Guid(a60c68f30469bbb4d9d8a73d9d1de40c) Importer(815301076,1909f56bfc062723c751e8b465ee728b) (PreviewImporter) -> (artifact id: '928b299a649ea98dfe27cf7fa5cfc2f3') in 0.0386355 seconds
Number of updated asset objects reloaded before import = 0Number of asset objects unloaded after import = 3

========================================================================
Received Import Request.
  Time since last request: 0.000045 seconds.
  path: Assets/Resources/Fantasy UI/ArrowButtonDownReady.png
  artifactKey: Guid(78cc51e854503d548a67b80d1fab325e) Importer(815301076,1909f56bfc062723c751e8b465ee728b)
Start importing Assets/Resources/Fantasy UI/ArrowButtonDownReady.png using Guid(78cc51e854503d548a67b80d1fab325e) Importer(815301076,1909f56bfc062723c751e8b465ee728b) (PreviewImporter) -> (artifact id: '1ffeb6041101dc259c9ac7b7eb4afde7') in 0.0371131 seconds
Number of updated asset objects reloaded before import = 0Number of asset objects unloaded after import = 3

========================================================================
Received Import Request.
  Time since last request: 0.000023 seconds.
  path: Assets/Resources/Fantasy UI/stoneButtonInsetReady.png
  artifactKey: Guid(14b49b6c0f65e4a4ba4d307f53342204) Importer(815301076,1909f56bfc062723c751e8b465ee728b)
Start importing Assets/Resources/Fantasy UI/stoneButtonInsetReady.png using Guid(14b49b6c0f65e4a4ba4d307f53342204) Importer(815301076,1909f56bfc062723c751e8b465ee728b) (PreviewImporter) -> (artifact id: '4406613196e99e7ad482e85897c69b58') in 0.048085 seconds
Number of updated asset objects reloaded before import = 0Number of asset objects unloaded after import = 3

========================================================================
Received Import Request.
  Time since last request: 0.000027 seconds.
  path: Assets/Resources/Fantasy UI/stoneButtonVerticalPressed.png
  artifactKey: Guid(45a21759434cf024c8748b01d74bc325) Importer(815301076,1909f56bfc062723c751e8b465ee728b)
Start importing Assets/Resources/Fantasy UI/stoneButtonVerticalPressed.png using Guid(45a21759434cf024c8748b01d74bc325) Importer(815301076,1909f56bfc062723c751e8b465ee728b) (PreviewImporter) -> (artifact id: 'c96e73879321eab8b41502493fd8f774') in 0.0305422 seconds
Number of updated asset objects reloaded before import = 0Number of asset objects unloaded after import = 3

========================================================================
Received Import Request.
  Time since last request: 0.000039 seconds.
  path: Assets/Resources/Fantasy UI/UIChain_V.png
  artifactKey: Guid(9548b4278dd10ff41a0c3e7e130ec329) Importer(815301076,1909f56bfc062723c751e8b465ee728b)
Start importing Assets/Resources/Fantasy UI/UIChain_V.png using Guid(9548b4278dd10ff41a0c3e7e130ec329) Importer(815301076,1909f56bfc062723c751e8b465ee728b) (PreviewImporter) -> (artifact id: '1afc887cd761b17b845b883f1d90f0df') in 0.0347769 seconds
Number of updated asset objects reloaded before import = 0Number of asset objects unloaded after import = 3

========================================================================
Received Import Request.
  Time since last request: 0.000023 seconds.
  path: Assets/Resources/Fantasy UI/ArrowButtonUpReady.png
  artifactKey: Guid(916db07f4aeb44c4599f5dc566d60361) Importer(815301076,1909f56bfc062723c751e8b465ee728b)
Start importing Assets/Resources/Fantasy UI/ArrowButtonUpReady.png using Guid(916db07f4aeb44c4599f5dc566d60361) Importer(815301076,1909f56bfc062723c751e8b465ee728b) (PreviewImporter) -> (artifact id: '96a3e810ce72ef61b145928c1d5473c0') in 0.0334566 seconds
Number of updated asset objects reloaded before import = 0Number of asset objects unloaded after import = 3

========================================================================
Received Import Request.
  Time since last request: 0.000025 seconds.
  path: Assets/Resources/Fantasy UI/fancyButtonDisabled.png
  artifactKey: Guid(8f8c3a27525315f4b80c0558b3556f72) Importer(815301076,1909f56bfc062723c751e8b465ee728b)
Start importing Assets/Resources/Fantasy UI/fancyButtonDisabled.png using Guid(8f8c3a27525315f4b80c0558b3556f72) Importer(815301076,1909f56bfc062723c751e8b465ee728b) (PreviewImporter) -> (artifact id: '168e96db539d5dd2f10160837462a810') in 0.0336286 seconds
Number of updated asset objects reloaded before import = 0Number of asset objects unloaded after import = 3

========================================================================
Received Import Request.
  Time since last request: 0.000027 seconds.
  path: Assets/Resources/Fantasy UI/healthRounded.png
  artifactKey: Guid(fb2480dacbdee034faecf0ea6b10a23c) Importer(815301076,1909f56bfc062723c751e8b465ee728b)
Start importing Assets/Resources/Fantasy UI/healthRounded.png using Guid(fb2480dacbdee034faecf0ea6b10a23c) Importer(815301076,1909f56bfc062723c751e8b465ee728b) (PreviewImporter) -> (artifact id: 'b8898be6df8d880b07875c783ee722a4') in 0.0262472 seconds
Number of updated asset objects reloaded before import = 0Number of asset objects unloaded after import = 3

Editor requested this worker to shutdown with reason: Scaling down because of idle timeout
AssetImportWorker is now disconnected from the server
Process exiting
Exiting without the bug reporter. Application will terminate with return code 0